Archive member included to satisfy reference by file (symbol)

c:/Users/kpetr/AppData/Roaming/Code/User/globalStorage/bmd.stm32-for-vscode/@xpack-dev-tools/arm-none-eabi-gcc/13.2.1-1.1.1/.content/bin/../lib/gcc/arm-none-eabi/13.2.1/../../../../arm-none-eabi/lib/thumb/v7e-m+fp/hard\libc_nano.a(libc_a-atexit.o)
                              c:/Users/kpetr/AppData/Roaming/Code/User/globalStorage/bmd.stm32-for-vscode/@xpack-dev-tools/arm-none-eabi-gcc/13.2.1-1.1.1/.content/bin/../lib/gcc/arm-none-eabi/13.2.1/../../../../arm-none-eabi/lib/thumb/v7e-m+fp/hard/crt0.o (atexit)
c:/Users/kpetr/AppData/Roaming/Code/User/globalStorage/bmd.stm32-for-vscode/@xpack-dev-tools/arm-none-eabi-gcc/13.2.1-1.1.1/.content/bin/../lib/gcc/arm-none-eabi/13.2.1/../../../../arm-none-eabi/lib/thumb/v7e-m+fp/hard\libc_nano.a(libc_a-exit.o)
                              c:/Users/kpetr/AppData/Roaming/Code/User/globalStorage/bmd.stm32-for-vscode/@xpack-dev-tools/arm-none-eabi-gcc/13.2.1-1.1.1/.content/bin/../lib/gcc/arm-none-eabi/13.2.1/../../../../arm-none-eabi/lib/thumb/v7e-m+fp/hard/crt0.o (exit)
c:/Users/kpetr/AppData/Roaming/Code/User/globalStorage/bmd.stm32-for-vscode/@xpack-dev-tools/arm-none-eabi-gcc/13.2.1-1.1.1/.content/bin/../lib/gcc/arm-none-eabi/13.2.1/../../../../arm-none-eabi/lib/thumb/v7e-m+fp/hard\libc_nano.a(libc_a-findfp.o)
                              c:/Users/kpetr/AppData/Roaming/Code/User/globalStorage/bmd.stm32-for-vscode/@xpack-dev-tools/arm-none-eabi-gcc/13.2.1-1.1.1/.content/bin/../lib/gcc/arm-none-eabi/13.2.1/../../../../arm-none-eabi/lib/thumb/v7e-m+fp/hard\libc_nano.a(libc_a-exit.o) (__stdio_exit_handler)
c:/Users/kpetr/AppData/Roaming/Code/User/globalStorage/bmd.stm32-for-vscode/@xpack-dev-tools/arm-none-eabi-gcc/13.2.1-1.1.1/.content/bin/../lib/gcc/arm-none-eabi/13.2.1/../../../../arm-none-eabi/lib/thumb/v7e-m+fp/hard\libc_nano.a(libc_a-fwalk.o)
                              c:/Users/kpetr/AppData/Roaming/Code/User/globalStorage/bmd.stm32-for-vscode/@xpack-dev-tools/arm-none-eabi-gcc/13.2.1-1.1.1/.content/bin/../lib/gcc/arm-none-eabi/13.2.1/../../../../arm-none-eabi/lib/thumb/v7e-m+fp/hard\libc_nano.a(libc_a-findfp.o) (_fwalk_sglue)
c:/Users/kpetr/AppData/Roaming/Code/User/globalStorage/bmd.stm32-for-vscode/@xpack-dev-tools/arm-none-eabi-gcc/13.2.1-1.1.1/.content/bin/../lib/gcc/arm-none-eabi/13.2.1/../../../../arm-none-eabi/lib/thumb/v7e-m+fp/hard\libc_nano.a(libc_a-sprintf.o)
                              build/main.o (sprintf)
c:/Users/kpetr/AppData/Roaming/Code/User/globalStorage/bmd.stm32-for-vscode/@xpack-dev-tools/arm-none-eabi-gcc/13.2.1-1.1.1/.content/bin/../lib/gcc/arm-none-eabi/13.2.1/../../../../arm-none-eabi/lib/thumb/v7e-m+fp/hard\libc_nano.a(libc_a-stdio.o)
                              c:/Users/kpetr/AppData/Roaming/Code/User/globalStorage/bmd.stm32-for-vscode/@xpack-dev-tools/arm-none-eabi-gcc/13.2.1-1.1.1/.content/bin/../lib/gcc/arm-none-eabi/13.2.1/../../../../arm-none-eabi/lib/thumb/v7e-m+fp/hard\libc_nano.a(libc_a-findfp.o) (__sread)
c:/Users/kpetr/AppData/Roaming/Code/User/globalStorage/bmd.stm32-for-vscode/@xpack-dev-tools/arm-none-eabi-gcc/13.2.1-1.1.1/.content/bin/../lib/gcc/arm-none-eabi/13.2.1/../../../../arm-none-eabi/lib/thumb/v7e-m+fp/hard\libc_nano.a(libc_a-memset.o)
                              c:/Users/kpetr/AppData/Roaming/Code/User/globalStorage/bmd.stm32-for-vscode/@xpack-dev-tools/arm-none-eabi-gcc/13.2.1-1.1.1/.content/bin/../lib/gcc/arm-none-eabi/13.2.1/../../../../arm-none-eabi/lib/thumb/v7e-m+fp/hard/crt0.o (memset)
c:/Users/kpetr/AppData/Roaming/Code/User/globalStorage/bmd.stm32-for-vscode/@xpack-dev-tools/arm-none-eabi-gcc/13.2.1-1.1.1/.content/bin/../lib/gcc/arm-none-eabi/13.2.1/../../../../arm-none-eabi/lib/thumb/v7e-m+fp/hard\libc_nano.a(libc_a-closer.o)
                              c:/Users/kpetr/AppData/Roaming/Code/User/globalStorage/bmd.stm32-for-vscode/@xpack-dev-tools/arm-none-eabi-gcc/13.2.1-1.1.1/.content/bin/../lib/gcc/arm-none-eabi/13.2.1/../../../../arm-none-eabi/lib/thumb/v7e-m+fp/hard\libc_nano.a(libc_a-stdio.o) (_close_r)
c:/Users/kpetr/AppData/Roaming/Code/User/globalStorage/bmd.stm32-for-vscode/@xpack-dev-tools/arm-none-eabi-gcc/13.2.1-1.1.1/.content/bin/../lib/gcc/arm-none-eabi/13.2.1/../../../../arm-none-eabi/lib/thumb/v7e-m+fp/hard\libc_nano.a(libc_a-reent.o)
                              c:/Users/kpetr/AppData/Roaming/Code/User/globalStorage/bmd.stm32-for-vscode/@xpack-dev-tools/arm-none-eabi-gcc/13.2.1-1.1.1/.content/bin/../lib/gcc/arm-none-eabi/13.2.1/../../../../arm-none-eabi/lib/thumb/v7e-m+fp/hard\libc_nano.a(libc_a-closer.o) (errno)
c:/Users/kpetr/AppData/Roaming/Code/User/globalStorage/bmd.stm32-for-vscode/@xpack-dev-tools/arm-none-eabi-gcc/13.2.1-1.1.1/.content/bin/../lib/gcc/arm-none-eabi/13.2.1/../../../../arm-none-eabi/lib/thumb/v7e-m+fp/hard\libc_nano.a(libc_a-impure.o)
[...]
Memory Configuration

Name             Origin             Length             Attributes
RAM              0x20000000         0x00010000         xrw
RAM2             0x10000000         0x00004000         xrw
FLASH            0x08000000         0x00040000         xr
*default*        0x00000000         0xffffffff

Linker script and memory map

LOAD c:/Users/kpetr/AppData/Roaming/Code/User/globalStorage/bmd.stm32-for-vscode/@xpack-dev-tools/arm-none-eabi-gcc/13.2.1-1.1.1/.content/bin/../lib/gcc/arm-none-eabi/13.2.1/thumb/v7e-m+fp/hard/crti.o
LOAD c:/Users/kpetr/AppData/Roaming/Code/User/globalStorage/bmd.stm32-for-vscode/@xpack-dev-tools/arm-none-eabi-gcc/13.2.1-1.1.1/.content/bin/../lib/gcc/arm-none-eabi/13.2.1/thumb/v7e-m+fp/hard/crtbegin.o
LOAD c:/Users/kpetr/AppData/Roaming/Code/User/globalStorage/bmd.stm32-for-vscode/@xpack-dev-tools/arm-none-eabi-gcc/13.2.1-1.1.1/.content/bin/../lib/gcc/arm-none-eabi/13.2.1/../../../../arm-none-eabi/lib/thumb/v7e-m+fp/hard/crt0.o
LOAD build/fonts.o
LOAD build/main.o
LOAD build/ssd1306.o
LOAD build/stm32l4xx_hal_msp.o
LOAD build/stm32l4xx_it.o
LOAD build/system_stm32l4xx.o
LOAD build/stm32l4xx_hal.o
LOAD build/stm32l4xx_hal_cortex.o
LOAD build/stm32l4xx_hal_dma.o
LOAD build/stm32l4xx_hal_dma_ex.o
LOAD build/stm32l4xx_hal_exti.o
LOAD build/stm32l4xx_hal_flash.o
LOAD build/stm32l4xx_hal_flash_ex.o
LOAD build/stm32l4xx_hal_flash_ramfunc.o
LOAD build/stm32l4xx_hal_gpio.o
LOAD build/stm32l4xx_hal_i2c.o
LOAD build/stm32l4xx_hal_i2c_ex.o
LOAD build/stm32l4xx_hal_pwr.o
LOAD build/stm32l4xx_hal_pwr_ex.o
LOAD build/stm32l4xx_hal_rcc.o
LOAD build/stm32l4xx_hal_rcc_ex.o
LOAD build/stm32l4xx_hal_tim.o
LOAD build/stm32l4xx_hal_tim_ex.o
LOAD build/stm32l4xx_hal_uart.o
LOAD build/stm32l4xx_hal_uart_ex.o
LOAD build/startup_stm32l432xx.o
LOAD c:/Users/kpetr/AppData/Roaming/Code/User/globalStorage/bmd.stm32-for-vscode/@xpack-dev-tools/arm-none-eabi-gcc/13.2.1-1.1.1/.content/bin/../lib/gcc/arm-none-eabi/13.2.1/../../../../arm-none-eabi/lib/thumb/v7e-m+fp/hard\libc_nano.a
LOAD c:/Users/kpetr/AppData/Roaming/Code/User/globalStorage/bmd.stm32-for-vscode/@xpack-dev-tools/arm-none-eabi-gcc/13.2.1-1.1.1/.content/bin/../lib/gcc/arm-none-eabi/13.2.1/../../../../arm-none-eabi/lib/thumb/v7e-m+fp/hard\libm.a
LOAD c:/Users/kpetr/AppData/Roaming/Code/User/globalStorage/bmd.stm32-for-vscode/@xpack-dev-tools/arm-none-eabi-gcc/13.2.1-1.1.1/.content/bin/../lib/gcc/arm-none-eabi/13.2.1/../../../../arm-none-eabi/lib/thumb/v7e-m+fp/hard\libnosys.a
START GROUP
LOAD c:/Users/kpetr/AppData/Roaming/Code/User/globalStorage/bmd.stm32-for-vscode/@xpack-dev-tools/arm-none-eabi-gcc/13.2.1-1.1.1/.content/bin/../lib/gcc/arm-none-eabi/13.2.1/thumb/v7e-m+fp/hard\libgcc.a
LOAD c:/Users/kpetr/AppData/Roaming/Code/User/globalStorage/bmd.stm32-for-vscode/@xpack-dev-tools/arm-none-eabi-gcc/13.2.1-1.1.1/.content/bin/../lib/gcc/arm-none-eabi/13.2.1/../../../../arm-none-eabi/lib/thumb/v7e-m+fp/hard\libc_nano.a
END GROUP
START GROUP
LOAD c:/Users/kpetr/AppData/Roaming/Code/User/globalStorage/bmd.stm32-for-vscode/@xpack-dev-tools/arm-none-eabi-gcc/13.2.1-1.1.1/.content/bin/../lib/gcc/arm-none-eabi/13.2.1/thumb/v7e-m+fp/hard\libgcc.a
LOAD c:/Users/kpetr/AppData/Roaming/Code/User/globalStorage/bmd.stm32-for-vscode/@xpack-dev-tools/arm-none-eabi-gcc/13.2.1-1.1.1/.content/bin/../lib/gcc/arm-none-eabi/13.2.1/../../../../arm-none-eabi/lib/thumb/v7e-m+fp/hard\libc_nano.a
END GROUP
LOAD c:/Users/kpetr/AppData/Roaming/Code/User/globalStorage/bmd.stm32-for-vscode/@xpack-dev-tools/arm-none-eabi-gcc/13.2.1-1.1.1/.content/bin/../lib/gcc/arm-none-eabi/13.2.1/thumb/v7e-m+fp/hard/crtend.o
LOAD c:/Users/kpetr/AppData/Roaming/Code/User/globalStorage/bmd.stm32-for-vscode/@xpack-dev-tools/arm-none-eabi-gcc/13.2.1-1.1.1/.content/bin/../lib/gcc/arm-none-eabi/13.2.1/thumb/v7e-m+fp/hard/crtn.o
                0x20010000                        _estack = (ORIGIN (RAM) + LENGTH (RAM))
                0x00000200                        _Min_Heap_Size = 0x200
                0x00000400                        _Min_Stack_Size = 0x400

.isr_vector     0x08000000      0x190
                0x08000000                        . = ALIGN (0x8)
 *(.isr_vector)
 .isr_vector    0x08000000      0x18c build/startup_stm32l432xx.o
                0x08000000                g_pfnVectors
                0x08000190                        . = ALIGN (0x8)
 *fill*         0x0800018c        0x4 

.text           0x08000190     0x4338
                0x08000190                        . = ALIGN (0x8)
 *(.text)
 .text          0x08000190       0x10 c:/Users/kpetr/AppData/Roaming/Code/User/globalStorage/bmd.stm32-for-vscode/@xpack-dev-tools/arm-none-eabi-gcc/13.2.1-1.1.1/.content/bin/../lib/gcc/arm-none-eabi/13.2.1/../../../../arm-none-eabi/lib/thumb/v7e-m+fp/hard\libc_nano.a(libc_a-strlen.o)
                0x08000190                strlen
 .text          0x080001a0       0xa0 c:/Users/kpetr/AppData/Roaming/Code/User/globalStorage/bmd.stm32-for-vscode/@xpack-dev-tools/arm-none-eabi-gcc/13.2.1-1.1.1/.content/bin/../lib/gcc/arm-none-eabi/13.2.1/../../../../arm-none-eabi/lib/thumb/v7e-m+fp/hard\libc_nano.a(libc_a-memchr.o)
                0x080001a0                memchr
 .text          0x08000240      0x378 c:/Users/kpetr/AppData/Roaming/Code/User/globalStorage/bmd.stm32-for-vscode/@xpack-dev-tools/arm-none-eabi-gcc/13.2.1-1.1.1/.content/bin/../lib/gcc/arm-none-eabi/13.2.1/thumb/v7e-m+fp/hard\libgcc.a(_arm_addsubdf3.o)
                0x08000240                __aeabi_drsub
                0x08000248                __aeabi_dsub
                0x08000248                __subdf3
                0x0800024c                __aeabi_dadd
                0x0800024c                __adddf3
                0x080004c4                __floatunsidf
                0x080004c4                __aeabi_ui2d
                0x080004e4                __floatsidf
                0x080004e4                __aeabi_i2d
                0x08000508                __aeabi_f2d
                0x08000508                __extendsfdf2
                0x0800054c                __floatundidf
                0x0800054c                __aeabi_ul2d
                0x0800055c                __floatdidf
                0x0800055c                __aeabi_l2d
 .text          0x080005b8      0x424 c:/Users/kpetr/AppData/Roaming/Code/User/globalStorage/bmd.stm32-for-vscode/@xpack-dev-tools/arm-none-eabi-gcc/13.2.1-1.1.1/.content/bin/../lib/gcc/arm-none-eabi/13.2.1/thumb/v7e-m+fp/hard\libgcc.a(_arm_muldivdf3.o)
                0x080005b8                __aeabi_dmul
                0x080005b8                __muldf3
                0x0800080c                __divdf3
                0x0800080c                __aeabi_ddiv
 .text          0x080009dc       0xa0 c:/Users/kpetr/AppData/Roaming/Code/User/globalStorage/bmd.stm32-for-vscode/@xpack-dev-tools/arm-none-eabi-gcc/13.2.1-1.1.1/.content/bin/../lib/gcc/arm-none-eabi/13.2.1/thumb/v7e-m+fp/hard\libgcc.a(_arm_truncdfsf2.o)
                0x080009dc                __truncdfsf2
                0x080009dc                __aeabi_d2f
 .text          0x08000a7c       0x30 c:/Users/kpetr/AppData/Roaming/Code/User/globalStorage/bmd.stm32-for-vscode/@xpack-dev-tools/arm-none-eabi-gcc/13.2.1-1.1.1/.content/bin/../lib/gcc/arm-none-eabi/13.2.1/thumb/v7e-m+fp/hard\libgcc.a(_aeabi_uldivmod.o)
                0x08000a7c                __aeabi_uldivmod
 .text          0x08000aac        0x4 c:/Users/kpetr/AppData/Roaming/Code/User/globalStorage/bmd.stm32-for-vscode/@xpack-dev-tools/arm-none-eabi-gcc/13.2.1-1.1.1/.content/bin/../lib/gcc/arm-none-eabi/13.2.1/thumb/v7e-m+fp/hard\libgcc.a(_dvmd_tls.o)
                0x08000aac                __aeabi_idiv0
                0x08000aac                __aeabi_ldiv0
 *(.text*)
 .text.__do_global_dtors_aux
                0x08000ab0       0x24 c:/Users/kpetr/AppData/Roaming/Code/User/globalStorage/bmd.stm32-for-vscode/@xpack-dev-tools/arm-none-eabi-gcc/13.2.1-1.1.1/.content/bin/../lib/gcc/arm-none-eabi/13.2.1/thumb/v7e-m+fp/hard/crtbegin.o
 .text.frame_dummy
                0x08000ad4       0x1c c:/Users/kpetr/AppData/Roaming/Code/User/globalStorage/bmd.stm32-for-vscode/@xpack-dev-tools/arm-none-eabi-gcc/13.2.1-1.1.1/.content/bin/../lib/gcc/arm-none-eabi/13.2.1/thumb/v7e-m+fp/hard/crtbegin.o
 .text.MX_GPIO_Init
                0x08000af0       0xa4 build/main.o
 .text.Uart_Transmit
                0x08000b94       0x28 build/main.o
                0x08000b94                Uart_Transmit
 *fill*         0x08000bbc        0x4 
 .text.Get_RPM  0x08000bc0       0x58 build/main.o
                0x08000bc0                Get_RPM
 .text.Error_Handler
                0x08000c18        0x4 build/main.o
                0x08000c18                Error_Handler
 .text.MX_I2C1_Init
                0x08000c1c       0x54 build/main.o
 .text.MX_TIM6_Init
                0x08000c70       0x50 build/main.o
 .text.MX_USART2_UART_Init
                0x08000cc0       0x38 build/main.o
 .text.MX_TIM2_Init
                0x08000cf8       0x60 build/main.o
 .text.MX_TIM7_Init
                0x08000d58       0x50 build/main.o
 .text.SystemClock_Config
                0x08000da8       0x9c build/main.o
                0x08000da8                SystemClock_Config
 .text.main     0x08000e44       0x84 build/main.o
                0x08000e44                main
 .text.SSD1306_Fill
                0x08000ec8       0x1c build/ssd1306.o
                0x08000ec8                SSD1306_Fill
 .text.SSD1306_DrawPixel
                0x08000ee4       0x5c build/ssd1306.o
                0x08000ee4                SSD1306_DrawPixel
 .text.SSD1306_GotoXY
                0x08000f40        0xc build/ssd1306.o
                0x08000f40                SSD1306_GotoXY
 .text.SSD1306_Putc
                0x08000f4c       0x9c build/ssd1306.o
                0x08000f4c                SSD1306_Putc
 .text.SSD1306_Puts
                0x08000fe8       0x22 build/ssd1306.o
                0x08000fe8                SSD1306_Puts
 *fill*         0x0800100a        0x2 
 .text.ssd1306_I2C_WriteMulti
                0x0800100c       0x50 build/ssd1306.o
                0x0800100c                ssd1306_I2C_WriteMulti
 .text.ssd1306_I2C_Write
                0x0800105c       0x28 build/ssd1306.o
                0x0800105c                ssd1306_I2C_Write
 .text.SSD1306_UpdateScreen
                0x08001084       0x48 build/ssd1306.o
                0x08001084                SSD1306_UpdateScreen
 .text.SSD1306_Init
                0x080010cc      0x160 build/ssd1306.o
                0x080010cc                SSD1306_Init
 .text.HAL_MspInit
                0x0800122c       0x30 build/stm32l4xx_hal_msp.o
                0x0800122c                HAL_MspInit
 .text.HAL_I2C_MspInit
                0x0800125c       0x88 build/stm32l4xx_hal_msp.o
                0x0800125c                HAL_I2C_MspInit
 .text.HAL_TIM_Encoder_MspInit
                0x080012e4       0x5e build/stm32l4xx_hal_msp.o
                0x080012e4                HAL_TIM_Encoder_MspInit
 *fill*         0x08001342        0x2 
 .text.HAL_TIM_Base_MspInit
                0x08001344       0x70 build/stm32l4xx_hal_msp.o
                0x08001344                HAL_TIM_Base_MspInit
 .text.HAL_UART_MspInit
                0x080013b4       0xa0 build/stm32l4xx_hal_msp.o
                0x080013b4                HAL_UART_MspInit
 .text.NMI_Handler
                0x08001454        0x2 build/stm32l4xx_it.o
                0x08001454                NMI_Handler
 .text.HardFault_Handler
                0x08001456        0x2 build/stm32l4xx_it.o
                0x08001456                HardFault_Handler
 .text.MemManage_Handler
                0x08001458        0x2 build/stm32l4xx_it.o
                0x08001458                MemManage_Handler
 .text.BusFault_Handler
                0x0800145a        0x2 build/stm32l4xx_it.o
                0x0800145a                BusFault_Handler
 .text.UsageFault_Handler
                0x0800145c        0x2 build/stm32l4xx_it.o
                0x0800145c                UsageFault_Handler
 .text.SVC_Handler
                0x0800145e        0x2 build/stm32l4xx_it.o
                0x0800145e                SVC_Handler
 .text.DebugMon_Handler
                0x08001460        0x2 build/stm32l4xx_it.o
                0x08001460                DebugMon_Handler
 .text.PendSV_Handler
                0x08001462        0x2 build/stm32l4xx_it.o
                0x08001462                PendSV_Handler
 .text.SysTick_Handler
                0x08001464        0x8 build/stm32l4xx_it.o
                0x08001464                SysTick_Handler
 .text.TIM6_DAC_IRQHandler
                0x0800146c       0x48 build/stm32l4xx_it.o
                0x0800146c                TIM6_DAC_IRQHandler
 .text.TIM7_IRQHandler
                0x080014b4       0x14 build/stm32l4xx_it.o
                0x080014b4                TIM7_IRQHandler
 .text.SystemInit
                0x080014c8       0x14 build/system_stm32l4xx.o
                0x080014c8                SystemInit
 .text.HAL_InitTick
                0x080014dc       0x50 build/stm32l4xx_hal.o
                0x080014dc                HAL_InitTick
 .text.HAL_Init
                0x0800152c       0x1e build/stm32l4xx_hal.o
                0x0800152c                HAL_Init
 *fill*         0x0800154a        0x2 
 .text.HAL_IncTick
                0x0800154c       0x18 build/stm32l4xx_hal.o
                0x0800154c                HAL_IncTick
 .text.HAL_GetTick
                0x08001564        0xc build/stm32l4xx_hal.o
                0x08001564                HAL_GetTick
 .text.__NVIC_EnableIRQ
                0x08001570       0x1c build/stm32l4xx_hal_cortex.o
 .text.__NVIC_SetPriority
                0x0800158c       0x28 build/stm32l4xx_hal_cortex.o
 .text.NVIC_EncodePriority
                0x080015b4       0x3e build/stm32l4xx_hal_cortex.o
 *fill*         0x080015f2        0x2 
 .text.HAL_NVIC_SetPriorityGrouping
                0x080015f4       0x24 build/stm32l4xx_hal_cortex.o
                0x080015f4                HAL_NVIC_SetPriorityGrouping
 .text.HAL_NVIC_SetPriority
                0x08001618       0x20 build/stm32l4xx_hal_cortex.o
                0x08001618                HAL_NVIC_SetPriority
 .text.HAL_NVIC_EnableIRQ
                0x08001638        0x8 build/stm32l4xx_hal_cortex.o
                0x08001638                HAL_NVIC_EnableIRQ
 .text.HAL_SYSTICK_Config
                0x08001640       0x28 build/stm32l4xx_hal_cortex.o
                0x08001640                HAL_SYSTICK_Config
 .text.HAL_GPIO_Init
                0x08001668      0x1b0 build/stm32l4xx_hal_gpio.o
                0x08001668                HAL_GPIO_Init
 .text.HAL_GPIO_WritePin
                0x08001818        0xa build/stm32l4xx_hal_gpio.o
                0x08001818                HAL_GPIO_WritePin
 .text.HAL_GPIO_TogglePin
                0x08001822       0x12 build/stm32l4xx_hal_gpio.o
                0x08001822                HAL_GPIO_TogglePin
 .text.I2C_Flush_TXDR
                0x08001834       0x22 build/stm32l4xx_hal_i2c.o
 .text.I2C_TransferConfig
                0x08001856       0x3c build/stm32l4xx_hal_i2c.o
 .text.I2C_IsErrorOccurred
                0x08001892      0x12c build/stm32l4xx_hal_i2c.o
 .text.I2C_WaitOnTXISFlagUntilTimeout
                0x080019be       0x56 build/stm32l4xx_hal_i2c.o
 .text.I2C_WaitOnFlagUntilTimeout
                0x08001a14       0x56 build/stm32l4xx_hal_i2c.o
 .text.I2C_WaitOnSTOPFlagUntilTimeout
                0x08001a6a       0x50 build/stm32l4xx_hal_i2c.o
 .text.HAL_I2C_Init
                0x08001aba       0xbc build/stm32l4xx_hal_i2c.o
                0x08001aba                HAL_I2C_Init
 *fill*         0x08001b76        0x2 
 .text.HAL_I2C_Master_Transmit
                0x08001b78      0x17c build/stm32l4xx_hal_i2c.o
                0x08001b78                HAL_I2C_Master_Transmit
 .text.HAL_I2C_IsDeviceReady
                0x08001cf4      0x16c build/stm32l4xx_hal_i2c.o
                0x08001cf4                HAL_I2C_IsDeviceReady
 .text.HAL_I2CEx_ConfigAnalogFilter
                0x08001e60       0x5c build/stm32l4xx_hal_i2c_ex.o
                0x08001e60                HAL_I2CEx_ConfigAnalogFilter
 .text.HAL_I2CEx_ConfigDigitalFilter
                0x08001ebc       0x58 build/stm32l4xx_hal_i2c_ex.o
                0x08001ebc                HAL_I2CEx_ConfigDigitalFilter
 .text.HAL_PWR_EnableBkUpAccess
                0x08001f14       0x10 build/stm32l4xx_hal_pwr.o
                0x08001f14                HAL_PWR_EnableBkUpAccess
 .text.HAL_PWREx_GetVoltageRange
                0x08001f24       0x10 build/stm32l4xx_hal_pwr_ex.o
                0x08001f24                HAL_PWREx_GetVoltageRange
 .text.HAL_PWREx_ControlVoltageScaling
                0x08001f34       0x90 build/stm32l4xx_hal_pwr_ex.o
                0x08001f34                HAL_PWREx_ControlVoltageScaling
 .text.RCC_SetFlashLatencyFromMSIRange
                0x08001fc4       0x90 build/stm32l4xx_hal_rcc.o
 .text.HAL_RCC_GetSysClockFreq
                0x08002054       0xb4 build/stm32l4xx_hal_rcc.o
                0x08002054                HAL_RCC_GetSysClockFreq
 .text.HAL_RCC_OscConfig
                0x08002108      0x66c build/stm32l4xx_hal_rcc.o
                0x08002108                HAL_RCC_OscConfig
 .text.HAL_RCC_ClockConfig
                0x08002774      0x188 build/stm32l4xx_hal_rcc.o
                0x08002774                HAL_RCC_ClockConfig
 .text.HAL_RCC_GetHCLKFreq
                0x080028fc        0xc build/stm32l4xx_hal_rcc.o
                0x080028fc                HAL_RCC_GetHCLKFreq
 .text.HAL_RCC_GetPCLK1Freq
                0x08002908       0x24 build/stm32l4xx_hal_rcc.o
                0x08002908                HAL_RCC_GetPCLK1Freq
 .text.HAL_RCC_GetPCLK2Freq
                0x0800292c       0x24 build/stm32l4xx_hal_rcc.o
                0x0800292c                HAL_RCC_GetPCLK2Freq
 .text.RCCEx_PLLSAI1_Config
                0x08002950      0x170 build/stm32l4xx_hal_rcc_ex.o
 .text.HAL_RCCEx_PeriphCLKConfig
                0x08002ac0      0x2e8 build/stm32l4xx_hal_rcc_ex.o
                0x08002ac0                HAL_RCCEx_PeriphCLKConfig
 .text.HAL_RCCEx_EnableMSIPLLMode
                0x08002da8       0x10 build/stm32l4xx_hal_rcc_ex.o
                0x08002da8                HAL_RCCEx_EnableMSIPLLMode
 .text.HAL_TIM_Base_Start_IT
                0x08002db8       0x6c build/stm32l4xx_hal_tim.o
                0x08002db8                HAL_TIM_Base_Start_IT
 .text.HAL_TIM_PeriodElapsedCallback
                0x08002e24        0x2 build/stm32l4xx_hal_tim.o
                0x08002e24                HAL_TIM_PeriodElapsedCallback
 .text.HAL_TIM_OC_DelayElapsedCallback
                0x08002e26        0x2 build/stm32l4xx_hal_tim.o
                0x08002e26                HAL_TIM_OC_DelayElapsedCallback
 .text.HAL_TIM_IC_CaptureCallback
                0x08002e28        0x2 build/stm32l4xx_hal_tim.o
                0x08002e28                HAL_TIM_IC_CaptureCallback
 .text.HAL_TIM_PWM_PulseFinishedCallback
                0x08002e2a        0x2 build/stm32l4xx_hal_tim.o
                0x08002e2a                HAL_TIM_PWM_PulseFinishedCallback
 .text.HAL_TIM_TriggerCallback
                0x08002e2c        0x2 build/stm32l4xx_hal_tim.o
                0x08002e2c                HAL_TIM_TriggerCallback
 .text.HAL_TIM_IRQHandler
                0x08002e2e      0x19a build/stm32l4xx_hal_tim.o
                0x08002e2e                HAL_TIM_IRQHandler
 .text.TIM_Base_SetConfig
                0x08002fc8       0x70 build/stm32l4xx_hal_tim.o
                0x08002fc8                TIM_Base_SetConfig
 .text.HAL_TIM_Base_Init
                0x08003038       0x60 build/stm32l4xx_hal_tim.o
                0x08003038                HAL_TIM_Base_Init
 .text.HAL_TIM_Encoder_Init
                0x08003098       0xb0 build/stm32l4xx_hal_tim.o
                0x08003098                HAL_TIM_Encoder_Init
 .text.TIM_CCxChannelCmd
                0x08003148       0x1e build/stm32l4xx_hal_tim.o
                0x08003148                TIM_CCxChannelCmd
 .text.HAL_TIM_Encoder_Start
                0x08003166       0xcc build/stm32l4xx_hal_tim.o
                0x08003166                HAL_TIM_Encoder_Start
 *fill*         0x08003232        0x2 
 .text.HAL_TIMEx_MasterConfigSynchronization
                0x08003234       0x70 build/stm32l4xx_hal_tim_ex.o
                0x08003234                HAL_TIMEx_MasterConfigSynchronization
 .text.HAL_TIMEx_CommutCallback
                0x080032a4        0x2 build/stm32l4xx_hal_tim_ex.o
                0x080032a4                HAL_TIMEx_CommutCallback
 .text.HAL_TIMEx_BreakCallback
                0x080032a6        0x2 build/stm32l4xx_hal_tim_ex.o
                0x080032a6                HAL_TIMEx_BreakCallback
 .text.HAL_TIMEx_Break2Callback
                0x080032a8        0x2 build/stm32l4xx_hal_tim_ex.o
                0x080032a8                HAL_TIMEx_Break2Callback
 *fill*         0x080032aa        0x2 
 .text.UART_SetConfig
                0x080032ac      0x260 build/stm32l4xx_hal_uart.o
                0x080032ac                UART_SetConfig
 .text.UART_AdvFeatureConfig
                0x0800350c       0xca build/stm32l4xx_hal_uart.o
                0x0800350c                UART_AdvFeatureConfig
 .text.UART_WaitOnFlagUntilTimeout
                0x080035d6       0xd0 build/stm32l4xx_hal_uart.o
                0x080035d6                UART_WaitOnFlagUntilTimeout
 .text.HAL_UART_Transmit
                0x080036a6       0xd8 build/stm32l4xx_hal_uart.o
                0x080036a6                HAL_UART_Transmit
 .text.UART_CheckIdleState
                0x0800377e       0x70 build/stm32l4xx_hal_uart.o
                0x0800377e                UART_CheckIdleState
 .text.HAL_UART_Init
                0x080037ee       0x62 build/stm32l4xx_hal_uart.o
                0x080037ee                HAL_UART_Init
 .text.Reset_Handler
                0x08003850       0x50 build/startup_stm32l432xx.o
                0x08003850                Reset_Handler
 .text.Default_Handler
                0x080038a0        0x2 build/startup_stm32l432xx.o
                0x080038a0                RTC_Alarm_IRQHandler
                0x080038a0                EXTI2_IRQHandler
                0x080038a0                TIM1_CC_IRQHandler
                0x080038a0                TSC_IRQHandler
                0x080038a0                TAMP_STAMP_IRQHandler
                0x080038a0                EXTI3_IRQHandler
                0x080038a0                LPTIM2_IRQHandler
                0x080038a0                I2C3_ER_IRQHandler
                0x080038a0                EXTI0_IRQHandler
                0x080038a0                CAN1_RX0_IRQHandler
                0x080038a0                FPU_IRQHandler
                0x080038a0                TIM1_UP_TIM16_IRQHandler
                0x080038a0                SPI1_IRQHandler
                0x080038a0                DMA2_Channel2_IRQHandler
                0x080038a0                DMA1_Channel4_IRQHandler
                0x080038a0                ADC1_IRQHandler
                0x080038a0                DMA1_Channel7_IRQHandler
                0x080038a0                CAN1_RX1_IRQHandler
                0x080038a0                DMA2_Channel1_IRQHandler
                0x080038a0                QUADSPI_IRQHandler
                0x080038a0                I2C1_EV_IRQHandler
                0x080038a0                DMA1_Channel6_IRQHandler
                0x080038a0                DMA2_Channel4_IRQHandler
                0x080038a0                RCC_IRQHandler
                0x080038a0                TIM1_TRG_COM_IRQHandler
                0x080038a0                DMA1_Channel1_IRQHandler
                0x080038a0                Default_Handler
                0x080038a0                DMA2_Channel7_IRQHandler
                0x080038a0                EXTI15_10_IRQHandler
                0x080038a0                I2C3_EV_IRQHandler
                0x080038a0                USB_IRQHandler
                0x080038a0                EXTI9_5_IRQHandler
                0x080038a0                RTC_WKUP_IRQHandler
                0x080038a0                PVD_PVM_IRQHandler
                0x080038a0                CAN1_TX_IRQHandler
                0x080038a0                DMA2_Channel5_IRQHandler
                0x080038a0                CRS_IRQHandler
                0x080038a0                DMA1_Channel5_IRQHandler
                0x080038a0                EXTI4_IRQHandler
                0x080038a0                RNG_IRQHandler
                0x080038a0                DMA1_Channel3_IRQHandler
                0x080038a0                COMP_IRQHandler
                0x080038a0                WWDG_IRQHandler
                0x080038a0                LPUART1_IRQHandler
                0x080038a0                DMA2_Channel6_IRQHandler
                0x080038a0                TIM2_IRQHandler
                0x080038a0                EXTI1_IRQHandler
                0x080038a0                USART2_IRQHandler
                0x080038a0                DMA1_Channel2_IRQHandler
                0x080038a0                CAN1_SCE_IRQHandler
                0x080038a0                FLASH_IRQHandler
                0x080038a0                USART1_IRQHandler
                0x080038a0                SPI3_IRQHandler
                0x080038a0                I2C1_ER_IRQHandler
                0x080038a0                SWPMI1_IRQHandler
                0x080038a0                LPTIM1_IRQHandler
                0x080038a0                SAI1_IRQHandler
                0x080038a0                DMA2_Channel3_IRQHandler
                0x080038a0                TIM1_BRK_TIM15_IRQHandler
 *fill*         0x080038a2        0x2 
 .text.sprintf  0x080038a4       0x40 c:/Users/kpetr/AppData/Roaming/Code/User/globalStorage/bmd.stm32-for-vscode/@xpack-dev-tools/arm-none-eabi-gcc/13.2.1-1.1.1/.content/bin/../lib/gcc/arm-none-eabi/13.2.1/../../../../arm-none-eabi/lib/thumb/v7e-m+fp/hard\libc_nano.a(libc_a-sprintf.o)
                0x080038a4                siprintf
                0x080038a4                sprintf
 .text.memset   0x080038e4       0x10 c:/Users/kpetr/AppData/Roaming/Code/User/globalStorage/bmd.stm32-for-vscode/@xpack-dev-tools/arm-none-eabi-gcc/13.2.1-1.1.1/.content/bin/../lib/gcc/arm-none-eabi/13.2.1/../../../../arm-none-eabi/lib/thumb/v7e-m+fp/hard\libc_nano.a(libc_a-memset.o)
                0x080038e4                memset
 .text.__libc_init_array
                0x080038f4       0x48 c:/Users/kpetr/AppData/Roaming/Code/User/globalStorage/bmd.stm32-for-vscode/@xpack-dev-tools/arm-none-eabi-gcc/13.2.1-1.1.1/.content/bin/../lib/gcc/arm-none-eabi/13.2.1/../../../../arm-none-eabi/lib/thumb/v7e-m+fp/hard\libc_nano.a(libc_a-init.o)
                0x080038f4                __libc_init_array
 .text.__retarget_lock_acquire_recursive
                0x0800393c        0x2 c:/Users/kpetr/AppData/Roaming/Code/User/globalStorage/bmd.stm32-for-vscode/@xpack-dev-tools/arm-none-eabi-gcc/13.2.1-1.1.1/.content/bin/../lib/gcc/arm-none-eabi/13.2.1/../../../../arm-none-eabi/lib/thumb/v7e-m+fp/hard\libc_nano.a(libc_a-lock.o)
                0x0800393c                __retarget_lock_acquire_recursive
 .text.__retarget_lock_release_recursive
                0x0800393e        0x2 c:/Users/kpetr/AppData/Roaming/Code/User/globalStorage/bmd.stm32-for-vscode/@xpack-dev-tools/arm-none-eabi-gcc/13.2.1-1.1.1/.content/bin/../lib/gcc/arm-none-eabi/13.2.1/../../../../arm-none-eabi/lib/thumb/v7e-m+fp/hard\libc_nano.a(libc_a-lock.o)
                0x0800393e                __retarget_lock_release_recursive
 .text._free_r  0x08003940       0x94 c:/Users/kpetr/AppData/Roaming/Code/User/globalStorage/bmd.stm32-for-vscode/@xpack-dev-tools/arm-none-eabi-gcc/13.2.1-1.1.1/.content/bin/../lib/gcc/arm-none-eabi/13.2.1/../../../../arm-none-eabi/lib/thumb/v7e-m+fp/hard\libc_nano.a(libc_a-freer.o)
                0x08003940                _free_r
 .text.sbrk_aligned
                0x080039d4       0x44 c:/Users/kpetr/AppData/Roaming/Code/User/globalStorage/bmd.stm32-for-vscode/@xpack-dev-tools/arm-none-eabi-gcc/13.2.1-1.1.1/.content/bin/../lib/gcc/arm-none-eabi/13.2.1/../../../../arm-none-eabi/lib/thumb/v7e-m+fp/hard\libc_nano.a(libc_a-mallocr.o)
 .text._malloc_r
                0x08003a18      0x100 c:/Users/kpetr/AppData/Roaming/Code/User/globalStorage/bmd.stm32-for-vscode/@xpack-dev-tools/arm-none-eabi-gcc/13.2.1-1.1.1/.content/bin/../lib/gcc/arm-none-eabi/13.2.1/../../../../arm-none-eabi/lib/thumb/v7e-m+fp/hard\libc_nano.a(libc_a-mallocr.o)
                0x08003a18                _malloc_r
 .text.__malloc_lock
                0x08003b18        0xc c:/Users/kpetr/AppData/Roaming/Code/User/globalStorage/bmd.stm32-for-vscode/@xpack-dev-tools/arm-none-eabi-gcc/13.2.1-1.1.1/.content/bin/../lib/gcc/arm-none-eabi/13.2.1/../../../../arm-none-eabi/lib/thumb/v7e-m+fp/hard\libc_nano.a(libc_a-mlock.o)
                0x08003b18                __malloc_lock
 .text.__malloc_unlock
                0x08003b24        0xc c:/Users/kpetr/AppData/Roaming/Code/User/globalStorage/bmd.stm32-for-vscode/@xpack-dev-tools/arm-none-eabi-gcc/13.2.1-1.1.1/.content/bin/../lib/gcc/arm-none-eabi/13.2.1/../../../../arm-none-eabi/lib/thumb/v7e-m+fp/hard\libc_nano.a(libc_a-mlock.o)
                0x08003b24                __malloc_unlock
 .text.__ssputs_r
                0x08003b30       0xb6 c:/Users/kpetr/AppData/Roaming/Code/User/globalStorage/bmd.stm32-for-vscode/@xpack-dev-tools/arm-none-eabi-gcc/13.2.1-1.1.1/.content/bin/../lib/gcc/arm-none-eabi/13.2.1/../../../../arm-none-eabi/lib/thumb/v7e-m+fp/hard\libc_nano.a(libc_a-nano-svfprintf.o)
                0x08003b30                __ssputs_r
 *fill*         0x08003be6        0x2 
 .text._svfprintf_r
                0x08003be8      0x1f8 c:/Users/kpetr/AppData/Roaming/Code/User/globalStorage/bmd.stm32-for-vscode/@xpack-dev-tools/arm-none-eabi-gcc/13.2.1-1.1.1/.content/bin/../lib/gcc/arm-none-eabi/13.2.1/../../../../arm-none-eabi/lib/thumb/v7e-m+fp/hard\libc_nano.a(libc_a-nano-svfprintf.o)
                0x08003be8                _svfiprintf_r
                0x08003be8                _svfprintf_r
 .text._printf_common
                0x08003de0       0xda c:/Users/kpetr/AppData/Roaming/Code/User/globalStorage/bmd.stm32-for-vscode/@xpack-dev-tools/arm-none-eabi-gcc/13.2.1-1.1.1/.content/bin/../lib/gcc/arm-none-eabi/13.2.1/../../../../arm-none-eabi/lib/thumb/v7e-m+fp/hard\libc_nano.a(libc_a-nano-vfprintf_i.o)
                0x08003de0                _printf_common
 *fill*         0x08003eba        0x2 
 .text._printf_i
                0x08003ebc      0x23c c:/Users/kpetr/AppData/Roaming/Code/User/globalStorage/bmd.stm32-for-vscode/@xpack-dev-tools/arm-none-eabi-gcc/13.2.1-1.1.1/.content/bin/../lib/gcc/arm-none-eabi/13.2.1/../../../../arm-none-eabi/lib/thumb/v7e-m+fp/hard\libc_nano.a(libc_a-nano-vfprintf_i.o)
                0x08003ebc                _printf_i
 .text.memmove  0x080040f8       0x34 c:/Users/kpetr/AppData/Roaming/Code/User/globalStorage/bmd.stm32-for-vscode/@xpack-dev-tools/arm-none-eabi-gcc/13.2.1-1.1.1/.content/bin/../lib/gcc/arm-none-eabi/13.2.1/../../../../arm-none-eabi/lib/thumb/v7e-m+fp/hard\libc_nano.a(libc_a-memmove.o)
                0x080040f8                memmove
 .text._sbrk_r  0x0800412c       0x20 c:/Users/kpetr/AppData/Roaming/Code/User/globalStorage/bmd.stm32-for-vscode/@xpack-dev-tools/arm-none-eabi-gcc/13.2.1-1.1.1/.content/bin/../lib/gcc/arm-none-eabi/13.2.1/../../../../arm-none-eabi/lib/thumb/v7e-m+fp/hard\libc_nano.a(libc_a-sbrkr.o)
                0x0800412c                _sbrk_r
 .text.memcpy   0x0800414c       0x1c c:/Users/kpetr/AppData/Roaming/Code/User/globalStorage/bmd.stm32-for-vscode/@xpack-dev-tools/arm-none-eabi-gcc/13.2.1-1.1.1/.content/bin/../lib/gcc/arm-none-eabi/13.2.1/../../../../arm-none-eabi/lib/thumb/v7e-m+fp/hard\libc_nano.a(libc_a-memcpy-stub.o)
                0x0800414c                memcpy
 .text._realloc_r
                0x08004168       0x5c c:/Users/kpetr/AppData/Roaming/Code/User/globalStorage/bmd.stm32-for-vscode/@xpack-dev-tools/arm-none-eabi-gcc/13.2.1-1.1.1/.content/bin/../lib/gcc/arm-none-eabi/13.2.1/../../../../arm-none-eabi/lib/thumb/v7e-m+fp/hard\libc_nano.a(libc_a-reallocr.o)
                0x08004168                _realloc_r
 .text._malloc_usable_size_r
                0x080041c4       0x10 c:/Users/kpetr/AppData/Roaming/Code/User/globalStorage/bmd.stm32-for-vscode/@xpack-dev-tools/arm-none-eabi-gcc/13.2.1-1.1.1/.content/bin/../lib/gcc/arm-none-eabi/13.2.1/../../../../arm-none-eabi/lib/thumb/v7e-m+fp/hard\libc_nano.a(libc_a-msizer.o)
                0x080041c4                _malloc_usable_size_r
 .text._sbrk    0x080041d4       0x1c c:/Users/kpetr/AppData/Roaming/Code/User/globalStorage/bmd.stm32-for-vscode/@xpack-dev-tools/arm-none-eabi-gcc/13.2.1-1.1.1/.content/bin/../lib/gcc/arm-none-eabi/13.2.1/../../../../arm-none-eabi/lib/thumb/v7e-m+fp/hard\libnosys.a(sbrk.o)
                0x080041d4                _sbrk
 .text.__udivmoddi4
                0x080041f0      0x2bc c:/Users/kpetr/AppData/Roaming/Code/User/globalStorage/bmd.stm32-for-vscode/@xpack-dev-tools/arm-none-eabi-gcc/13.2.1-1.1.1/.content/bin/../lib/gcc/arm-none-eabi/13.2.1/thumb/v7e-m+fp/hard\libgcc.a(_udivmoddi4.o)
                0x080041f0                __udivmoddi4
 *(.glue_7)
 .glue_7        0x080044ac        0x0 linker stubs
 *(.glue_7t)
 .glue_7t       0x080044ac        0x0 linker stubs
 *(.eh_frame)
 .eh_frame      0x080044ac        0x0 c:/Users/kpetr/AppData/Roaming/Code/User/globalStorage/bmd.stm32-for-vscode/@xpack-dev-tools/arm-none-eabi-gcc/13.2.1-1.1.1/.content/bin/../lib/gcc/arm-none-eabi/13.2.1/thumb/v7e-m+fp/hard/crtbegin.o
 *(.init)
 .init          0x080044ac        0x4 c:/Users/kpetr/AppData/Roaming/Code/User/globalStorage/bmd.stm32-for-vscode/@xpack-dev-tools/arm-none-eabi-gcc/13.2.1-1.1.1/.content/bin/../lib/gcc/arm-none-eabi/13.2.1/thumb/v7e-m+fp/hard/crti.o
                0x080044ac                _init
 .init          0x080044b0        0x8 c:/Users/kpetr/AppData/Roaming/Code/User/globalStorage/bmd.stm32-for-vscode/@xpack-dev-tools/arm-none-eabi-gcc/13.2.1-1.1.1/.content/bin/../lib/gcc/arm-none-eabi/13.2.1/thumb/v7e-m+fp/hard/crtn.o
 *(.fini)
 .fini          0x080044b8        0x4 c:/Users/kpetr/AppData/Roaming/Code/User/globalStorage/bmd.stm32-for-vscode/@xpack-dev-tools/arm-none-eabi-gcc/13.2.1-1.1.1/.content/bin/../lib/gcc/arm-none-eabi/13.2.1/thumb/v7e-m+fp/hard/crti.o
                0x080044b8                _fini
 .fini          0x080044bc        0x8 c:/Users/kpetr/AppData/Roaming/Code/User/globalStorage/bmd.stm32-for-vscode/@xpack-dev-tools/arm-none-eabi-gcc/13.2.1-1.1.1/.content/bin/../lib/gcc/arm-none-eabi/13.2.1/thumb/v7e-m+fp/hard/crtn.o
                0x080044c8                        . = ALIGN (0x8)
 *fill*         0x080044c4        0x4 
                0x080044c8                        _etext = .

.vfp11_veneer   0x080044c8        0x0
 .vfp11_veneer  0x080044c8        0x0 linker stubs

.v4_bx          0x080044c8        0x0
 .v4_bx         0x080044c8        0x0 linker stubs

.iplt           0x080044c8        0x0
 .iplt          0x080044c8        0x0 c:/Users/kpetr/AppData/Roaming/Code/User/globalStorage/bmd.stm32-for-vscode/@xpack-dev-tools/arm-none-eabi-gcc/13.2.1-1.1.1/.content/bin/../lib/gcc/arm-none-eabi/13.2.1/thumb/v7e-m+fp/hard/crtbegin.o

.rodata         0x080044c8      0xde0
                0x080044c8                        . = ALIGN (0x8)
 *(.rodata)
 *(.rodata*)
 .rodata.Font11x18
                0x080044c8      0xd5c build/fonts.o
                0x080044c8                Font11x18
 .rodata.main.str1.4
                0x08005224        0x8 build/main.o
 .rodata.MSIRangeTable
                0x0800522c       0x30 build/system_stm32l4xx.o
                0x0800522c                MSIRangeTable
 .rodata.APBPrescTable
                0x0800525c        0x8 build/system_stm32l4xx.o
                0x0800525c                APBPrescTable
 .rodata.AHBPrescTable
                0x08005264       0x10 build/system_stm32l4xx.o
                0x08005264                AHBPrescTable
 .rodata._svfprintf_r.str1.1
                0x08005274       0x33 c:/Users/kpetr/AppData/Roaming/Code/User/globalStorage/bmd.stm32-for-vscode/@xpack-dev-tools/arm-none-eabi-gcc/13.2.1-1.1.1/.content/bin/../lib/gcc/arm-none-eabi/13.2.1/../../../../arm-none-eabi/lib/thumb/v7e-m+fp/hard\libc_nano.a(libc_a-nano-svfprintf.o)
                                 0x11 (size before relaxing)
 .rodata._printf_i.str1.1
                0x080052a7       0x22 c:/Users/kpetr/AppData/Roaming/Code/User/globalStorage/bmd.stm32-for-vscode/@xpack-dev-tools/arm-none-eabi-gcc/13.2.1-1.1.1/.content/bin/../lib/gcc/arm-none-eabi/13.2.1/../../../../arm-none-eabi/lib/thumb/v7e-m+fp/hard\libc_nano.a(libc_a-nano-vfprintf_i.o)
                0x080052d0                        . = ALIGN (0x8)
 *fill*         0x080052a7        0x1 

.ARM.extab      0x080052a8        0x0
                0x080052a8                        . = ALIGN (0x8)
 *(.ARM.extab* .gnu.linkonce.armextab.*)
                0x080052a8                        . = ALIGN (0x8)

.ARM            0x080052a8        0x8
                0x080052a8                        . = ALIGN (0x8)
                0x080052a8                        __exidx_start = .
 *(.ARM.exidx*)
 .ARM.exidx     0x080052a8        0x8 c:/Users/kpetr/AppData/Roaming/Code/User/globalStorage/bmd.stm32-for-vscode/@xpack-dev-tools/arm-none-eabi-gcc/13.2.1-1.1.1/.content/bin/../lib/gcc/arm-none-eabi/13.2.1/../../../../arm-none-eabi/lib/thumb/v7e-m+fp/hard\libc_nano.a(libc_a-strlen.o)
 .ARM.exidx     0x080052b0        0x0 c:/Users/kpetr/AppData/Roaming/Code/User/globalStorage/bmd.stm32-for-vscode/@xpack-dev-tools/arm-none-eabi-gcc/13.2.1-1.1.1/.content/bin/../lib/gcc/arm-none-eabi/13.2.1/../../../../arm-none-eabi/lib/thumb/v7e-m+fp/hard\libc_nano.a(libc_a-memchr.o)
                                  0x8 (size before relaxing)
 .ARM.exidx.text.__udivmoddi4
                0x080052b0        0x0 c:/Users/kpetr/AppData/Roaming/Code/User/globalStorage/bmd.stm32-for-vscode/@xpack-dev-tools/arm-none-eabi-gcc/13.2.1-1.1.1/.content/bin/../lib/gcc/arm-none-eabi/13.2.1/thumb/v7e-m+fp/hard\libgcc.a(_udivmoddi4.o)
                                  0x8 (size before relaxing)
                0x080052b0                        __exidx_end = .
                0x080052b0                        . = ALIGN (0x8)

.rel.dyn        0x080052b0        0x0
 .rel.iplt      0x080052b0        0x0 c:/Users/kpetr/AppData/Roaming/Code/User/globalStorage/bmd.stm32-for-vscode/@xpack-dev-tools/arm-none-eabi-gcc/13.2.1-1.1.1/.content/bin/../lib/gcc/arm-none-eabi/13.2.1/thumb/v7e-m+fp/hard/crtbegin.o

.preinit_array  0x080052b0        0x0
                0x080052b0                        . = ALIGN (0x8)
                0x080052b0                        PROVIDE (__preinit_array_start = .)
 *(.preinit_array*)
                0x080052b0                        PROVIDE (__preinit_array_end = .)
                0x080052b0                        . = ALIGN (0x8)

.init_array     0x080052b0        0x8
                0x080052b0                        . = ALIGN (0x8)
                0x080052b0                        PROVIDE (__init_array_start = .)
 *(SORT_BY_NAME(.init_array.*))
 *(.init_array*)
 .init_array    0x080052b0        0x4 c:/Users/kpetr/AppData/Roaming/Code/User/globalStorage/bmd.stm32-for-vscode/@xpack-dev-tools/arm-none-eabi-gcc/13.2.1-1.1.1/.content/bin/../lib/gcc/arm-none-eabi/13.2.1/thumb/v7e-m+fp/hard/crtbegin.o
                0x080052b4                        PROVIDE (__init_array_end = .)
                0x080052b8                        . = ALIGN (0x8)
 *fill*         0x080052b4        0x4 

.fini_array     0x080052b8        0x8
                0x080052b8                        . = ALIGN (0x8)
                0x080052b8                        PROVIDE (__fini_array_start = .)
 *(SORT_BY_NAME(.fini_array.*))
 *(.fini_array*)
 .fini_array    0x080052b8        0x4 c:/Users/kpetr/AppData/Roaming/Code/User/globalStorage/bmd.stm32-for-vscode/@xpack-dev-tools/arm-none-eabi-gcc/13.2.1-1.1.1/.content/bin/../lib/gcc/arm-none-eabi/13.2.1/thumb/v7e-m+fp/hard/crtbegin.o
                0x080052bc                        PROVIDE (__fini_array_end = .)
                0x080052c0                        . = ALIGN (0x8)
 *fill*         0x080052bc        0x4 
                0x080052c0                        _sidata = LOADADDR (.data)

.data           0x20000000       0x68 load address 0x080052c0
                0x20000000                        . = ALIGN (0x8)
                0x20000000                        _sdata = .
 *(.data)
 *(.data*)
 .data.Font_11x18
                0x20000000        0x8 build/fonts.o
                0x20000000                Font_11x18
 .data.SystemCoreClock
                0x20000008        0x4 build/system_stm32l4xx.o
                0x20000008                SystemCoreClock
 .data.uwTickFreq
                0x2000000c        0x1 build/stm32l4xx_hal.o
                0x2000000c                uwTickFreq
 *fill*         0x2000000d        0x3 
 .data.uwTickPrio
                0x20000010        0x4 build/stm32l4xx_hal.o
                0x20000010                uwTickPrio
 .data._impure_ptr
                0x20000014        0x4 c:/Users/kpetr/AppData/Roaming/Code/User/globalStorage/bmd.stm32-for-vscode/@xpack-dev-tools/arm-none-eabi-gcc/13.2.1-1.1.1/.content/bin/../lib/gcc/arm-none-eabi/13.2.1/../../../../arm-none-eabi/lib/thumb/v7e-m+fp/hard\libc_nano.a(libc_a-impure.o)
                0x20000014                _impure_ptr
 .data._impure_data
                0x20000018       0x4c c:/Users/kpetr/AppData/Roaming/Code/User/globalStorage/bmd.stm32-for-vscode/@xpack-dev-tools/arm-none-eabi-gcc/13.2.1-1.1.1/.content/bin/../lib/gcc/arm-none-eabi/13.2.1/../../../../arm-none-eabi/lib/thumb/v7e-m+fp/hard\libc_nano.a(libc_a-impure.o)
                0x20000018                _impure_data
                0x20000068                        . = ALIGN (0x8)
 *fill*         0x20000064        0x4 
                0x20000068                        _edata = .

.igot.plt       0x20000068        0x0 load address 0x08005328
 .igot.plt      0x20000068        0x0 c:/Users/kpetr/AppData/Roaming/Code/User/globalStorage/bmd.stm32-for-vscode/@xpack-dev-tools/arm-none-eabi-gcc/13.2.1-1.1.1/.content/bin/../lib/gcc/arm-none-eabi/13.2.1/thumb/v7e-m+fp/hard/crtbegin.o
                0x20000068                        . = ALIGN (0x4)

.bss            0x20000068      0x754 load address 0x08005328
                0x20000068                        _sbss = .
                0x20000068                        __bss_start__ = _sbss
 *(.bss)
 *(.bss*)
 .bss.completed.1
                0x20000068        0x1 c:/Users/kpetr/AppData/Roaming/Code/User/globalStorage/bmd.stm32-for-vscode/@xpack-dev-tools/arm-none-eabi-gcc/13.2.1-1.1.1/.content/bin/../lib/gcc/arm-none-eabi/13.2.1/thumb/v7e-m+fp/hard/crtbegin.o
 *fill*         0x20000069        0x3 
 .bss.object.0  0x2000006c       0x18 c:/Users/kpetr/AppData/Roaming/Code/User/globalStorage/bmd.stm32-for-vscode/@xpack-dev-tools/arm-none-eabi-gcc/13.2.1-1.1.1/.content/bin/../lib/gcc/arm-none-eabi/13.2.1/thumb/v7e-m+fp/hard/crtbegin.o
 .bss.lastCount.0
                0x20000084        0x4 build/main.o
 .bss.lastTicks.1
                0x20000088        0x4 build/main.o
 .bss.SPEED_buffer
                0x2000008c       0x14 build/main.o
                0x2000008c                SPEED_buffer
 .bss.MAIN_speed
                0x200000a0        0x4 build/main.o
                0x200000a0                MAIN_speed
 .bss.huart2    0x200000a4       0x84 build/main.o
                0x200000a4                huart2
 .bss.htim7     0x20000128       0x4c build/main.o
                0x20000128                htim7
 .bss.htim6     0x20000174       0x4c build/main.o
                0x20000174                htim6
 .bss.htim2     0x200001c0       0x4c build/main.o
                0x200001c0                htim2
 .bss.hi2c1     0x2000020c       0x54 build/main.o
                0x2000020c                hi2c1
 .bss.SSD1306   0x20000260        0x6 build/ssd1306.o
 *fill*         0x20000266        0x2 
 .bss.SSD1306_Buffer
                0x20000268      0x400 build/ssd1306.o
 .bss.counter   0x20000668        0x4 build/stm32l4xx_it.o
                0x20000668                counter
 .bss.uwTick    0x2000066c        0x4 build/stm32l4xx_hal.o
                0x2000066c                uwTick
 .bss.__sf      0x20000670      0x138 c:/Users/kpetr/AppData/Roaming/Code/User/globalStorage/bmd.stm32-for-vscode/@xpack-dev-tools/arm-none-eabi-gcc/13.2.1-1.1.1/.content/bin/../lib/gcc/arm-none-eabi/13.2.1/../../../../arm-none-eabi/lib/thumb/v7e-m+fp/hard\libc_nano.a(libc_a-findfp.o)
                0x20000670                __sf
 .bss.errno     0x200007a8        0x4 c:/Users/kpetr/AppData/Roaming/Code/User/globalStorage/bmd.stm32-for-vscode/@xpack-dev-tools/arm-none-eabi-gcc/13.2.1-1.1.1/.content/bin/../lib/gcc/arm-none-eabi/13.2.1/../../../../arm-none-eabi/lib/thumb/v7e-m+fp/hard\libc_nano.a(libc_a-reent.o)
                0x200007a8                errno
 .bss.__lock___malloc_recursive_mutex
                0x200007ac        0x1 c:/Users/kpetr/AppData/Roaming/Code/User/globalStorage/bmd.stm32-for-vscode/@xpack-dev-tools/arm-none-eabi-gcc/13.2.1-1.1.1/.content/bin/../lib/gcc/arm-none-eabi/13.2.1/../../../../arm-none-eabi/lib/thumb/v7e-m+fp/hard\libc_nano.a(libc_a-lock.o)
                0x200007ac                __lock___malloc_recursive_mutex
 *fill*         0x200007ad        0x3 
 .bss.__malloc_sbrk_start
                0x200007b0        0x4 c:/Users/kpetr/AppData/Roaming/Code/User/globalStorage/bmd.stm32-for-vscode/@xpack-dev-tools/arm-none-eabi-gcc/13.2.1-1.1.1/.content/bin/../lib/gcc/arm-none-eabi/13.2.1/../../../../arm-none-eabi/lib/thumb/v7e-m+fp/hard\libc_nano.a(libc_a-mallocr.o)
                0x200007b0                __malloc_sbrk_start
 .bss.__malloc_free_list
                0x200007b4        0x4 c:/Users/kpetr/AppData/Roaming/Code/User/globalStorage/bmd.stm32-for-vscode/@xpack-dev-tools/arm-none-eabi-gcc/13.2.1-1.1.1/.content/bin/../lib/gcc/arm-none-eabi/13.2.1/../../../../arm-none-eabi/lib/thumb/v7e-m+fp/hard\libc_nano.a(libc_a-mallocr.o)
                0x200007b4                __malloc_free_list
 .bss.heap_end.0
                0x200007b8        0x4 c:/Users/kpetr/AppData/Roaming/Code/User/globalStorage/bmd.stm32-for-vscode/@xpack-dev-tools/arm-none-eabi-gcc/13.2.1-1.1.1/.content/bin/../lib/gcc/arm-none-eabi/13.2.1/../../../../arm-none-eabi/lib/thumb/v7e-m+fp/hard\libnosys.a(sbrk.o)
 *(COMMON)
                0x200007bc                        . = ALIGN (0x4)
                0x200007bc                        _ebss = .
                0x200007bc                        __bss_end__ = _ebss

._user_heap_stack
                0x200007bc      0x604 load address 0x08005328
                0x200007c0                        . = ALIGN (0x8)
 *fill*         0x200007bc        0x4 
                0x200007c0                        PROVIDE (end = .)
                [!provide]                        PROVIDE (_end = .)
                0x200009c0                        . = (. + _Min_Heap_Size)
 *fill*         0x200007c0      0x200 
                0x20000dc0                        . = (. + _Min_Stack_Size)
 *fill*         0x200009c0      0x400 
                0x20000dc0                        . = ALIGN (0x8)

/DISCARD/
 libc.a(*)
 libm.a(*)
 libgcc.a(*)

.ARM.attributes
                0x00000000       0x30
 *(.ARM.attributes)
 .ARM.attributes
                0x00000000       0x22 c:/Users/kpetr/AppData/Roaming/Code/User/globalStorage/bmd.stm32-for-vscode/@xpack-dev-tools/arm-none-eabi-gcc/13.2.1-1.1.1/.content/bin/../lib/gcc/arm-none-eabi/13.2.1/thumb/v7e-m+fp/hard/crti.o
 .ARM.attributes
                0x00000022       0x34 c:/Users/kpetr/AppData/Roaming/Code/User/globalStorage/bmd.stm32-for-vscode/@xpack-dev-tools/arm-none-eabi-gcc/13.2.1-1.1.1/.content/bin/../lib/gcc/arm-none-eabi/13.2.1/thumb/v7e-m+fp/hard/crtbegin.o
 .ARM.attributes
                0x00000056       0x34 build/fonts.o
 .ARM.attributes
                0x0000008a       0x34 build/main.o
 .ARM.attributes
                0x000000be       0x34 build/ssd1306.o
 .ARM.attributes
                0x000000f2       0x34 build/stm32l4xx_hal_msp.o
 .ARM.attributes
                0x00000126       0x34 build/stm32l4xx_it.o
 .ARM.attributes
                0x0000015a       0x34 build/system_stm32l4xx.o
 .ARM.attributes
                0x0000018e       0x34 build/stm32l4xx_hal.o
 .ARM.attributes
                0x000001c2       0x34 build/stm32l4xx_hal_cortex.o
 .ARM.attributes
                0x000001f6       0x34 build/stm32l4xx_hal_gpio.o
 .ARM.attributes
                0x0000022a       0x34 build/stm32l4xx_hal_i2c.o
 .ARM.attributes
                0x0000025e       0x34 build/stm32l4xx_hal_i2c_ex.o
 .ARM.attributes
                0x00000292       0x34 build/stm32l4xx_hal_pwr.o
 .ARM.attributes
                0x000002c6       0x34 build/stm32l4xx_hal_pwr_ex.o
 .ARM.attributes
                0x000002fa       0x34 build/stm32l4xx_hal_rcc.o
 .ARM.attributes
                0x0000032e       0x34 build/stm32l4xx_hal_rcc_ex.o
 .ARM.attributes
                0x00000362       0x34 build/stm32l4xx_hal_tim.o
 .ARM.attributes
                0x00000396       0x34 build/stm32l4xx_hal_tim_ex.o
 .ARM.attributes
                0x000003ca       0x34 build/stm32l4xx_hal_uart.o
 .ARM.attributes
                0x000003fe       0x21 build/startup_stm32l432xx.o
 .ARM.attributes
                0x0000041f       0x34 c:/Users/kpetr/AppData/Roaming/Code/User/globalStorage/bmd.stm32-for-vscode/@xpack-dev-tools/arm-none-eabi-gcc/13.2.1-1.1.1/.content/bin/../lib/gcc/arm-none-eabi/13.2.1/../../../../arm-none-eabi/lib/thumb/v7e-m+fp/hard\libc_nano.a(libc_a-findfp.o)
 .ARM.attributes
                0x00000453       0x34 c:/Users/kpetr/AppData/Roaming/Code/User/globalStorage/bmd.stm32-for-vscode/@xpack-dev-tools/arm-none-eabi-gcc/13.2.1-1.1.1/.content/bin/../lib/gcc/arm-none-eabi/13.2.1/../../../../arm-none-eabi/lib/thumb/v7e-m+fp/hard\libc_nano.a(libc_a-sprintf.o)
 .ARM.attributes
                0x00000487       0x34 c:/Users/kpetr/AppData/Roaming/Code/User/globalStorage/bmd.stm32-for-vscode/@xpack-dev-tools/arm-none-eabi-gcc/13.2.1-1.1.1/.content/bin/../lib/gcc/arm-none-eabi/13.2.1/../../../../arm-none-eabi/lib/thumb/v7e-m+fp/hard\libc_nano.a(libc_a-memset.o)
 .ARM.attributes
                0x000004bb       0x34 c:/Users/kpetr/AppData/Roaming/Code/User/globalStorage/bmd.stm32-for-vscode/@xpack-dev-tools/arm-none-eabi-gcc/13.2.1-1.1.1/.content/bin/../lib/gcc/arm-none-eabi/13.2.1/../../../../arm-none-eabi/lib/thumb/v7e-m+fp/hard\libc_nano.a(libc_a-reent.o)
 .ARM.attributes
                0x000004ef       0x34 c:/Users/kpetr/AppData/Roaming/Code/User/globalStorage/bmd.stm32-for-vscode/@xpack-dev-tools/arm-none-eabi-gcc/13.2.1-1.1.1/.content/bin/../lib/gcc/arm-none-eabi/13.2.1/../../../../arm-none-eabi/lib/thumb/v7e-m+fp/hard\libc_nano.a(libc_a-impure.o)
 .ARM.attributes
                0x00000523       0x34 c:/Users/kpetr/AppData/Roaming/Code/User/globalStorage/bmd.stm32-for-vscode/@xpack-dev-tools/arm-none-eabi-gcc/13.2.1-1.1.1/.content/bin/../lib/gcc/arm-none-eabi/13.2.1/../../../../arm-none-eabi/lib/thumb/v7e-m+fp/hard\libc_nano.a(libc_a-init.o)
 .ARM.attributes
                0x00000557       0x34 c:/Users/kpetr/AppData/Roaming/Code/User/globalStorage/bmd.stm32-for-vscode/@xpack-dev-tools/arm-none-eabi-gcc/13.2.1-1.1.1/.content/bin/../lib/gcc/arm-none-eabi/13.2.1/../../../../arm-none-eabi/lib/thumb/v7e-m+fp/hard\libc_nano.a(libc_a-lock.o)
 .ARM.attributes
                0x0000058b       0x17 c:/Users/kpetr/AppData/Roaming/Code/User/globalStorage/bmd.stm32-for-vscode/@xpack-dev-tools/arm-none-eabi-gcc/13.2.1-1.1.1/.content/bin/../lib/gcc/arm-none-eabi/13.2.1/../../../../arm-none-eabi/lib/thumb/v7e-m+fp/hard\libc_nano.a(libc_a-strlen.o)
 .ARM.attributes
                0x000005a2       0x34 c:/Users/kpetr/AppData/Roaming/Code/User/globalStorage/bmd.stm32-for-vscode/@xpack-dev-tools/arm-none-eabi-gcc/13.2.1-1.1.1/.content/bin/../lib/gcc/arm-none-eabi/13.2.1/../../../../arm-none-eabi/lib/thumb/v7e-m+fp/hard\libc_nano.a(libc_a-freer.o)
 .ARM.attributes
                0x000005d6       0x34 c:/Users/kpetr/AppData/Roaming/Code/User/globalStorage/bmd.stm32-for-vscode/@xpack-dev-tools/arm-none-eabi-gcc/13.2.1-1.1.1/.content/bin/../lib/gcc/arm-none-eabi/13.2.1/../../../../arm-none-eabi/lib/thumb/v7e-m+fp/hard\libc_nano.a(libc_a-mallocr.o)
 .ARM.attributes
                0x0000060a       0x34 c:/Users/kpetr/AppData/Roaming/Code/User/globalStorage/bmd.stm32-for-vscode/@xpack-dev-tools/arm-none-eabi-gcc/13.2.1-1.1.1/.content/bin/../lib/gcc/arm-none-eabi/13.2.1/../../../../arm-none-eabi/lib/thumb/v7e-m+fp/hard\libc_nano.a(libc_a-mlock.o)
 .ARM.attributes
                0x0000063e       0x34 c:/Users/kpetr/AppData/Roaming/Code/User/globalStorage/bmd.stm32-for-vscode/@xpack-dev-tools/arm-none-eabi-gcc/13.2.1-1.1.1/.content/bin/../lib/gcc/arm-none-eabi/13.2.1/../../../../arm-none-eabi/lib/thumb/v7e-m+fp/hard\libc_nano.a(libc_a-nano-svfprintf.o)
 .ARM.attributes
                0x00000672       0x34 c:/Users/kpetr/AppData/Roaming/Code/User/globalStorage/bmd.stm32-for-vscode/@xpack-dev-tools/arm-none-eabi-gcc/13.2.1-1.1.1/.content/bin/../lib/gcc/arm-none-eabi/13.2.1/../../../../arm-none-eabi/lib/thumb/v7e-m+fp/hard\libc_nano.a(libc_a-nano-vfprintf_i.o)
 .ARM.attributes
                0x000006a6       0x34 c:/Users/kpetr/AppData/Roaming/Code/User/globalStorage/bmd.stm32-for-vscode/@xpack-dev-tools/arm-none-eabi-gcc/13.2.1-1.1.1/.content/bin/../lib/gcc/arm-none-eabi/13.2.1/../../../../arm-none-eabi/lib/thumb/v7e-m+fp/hard\libc_nano.a(libc_a-memmove.o)
 .ARM.attributes
                0x000006da       0x34 c:/Users/kpetr/AppData/Roaming/Code/User/globalStorage/bmd.stm32-for-vscode/@xpack-dev-tools/arm-none-eabi-gcc/13.2.1-1.1.1/.content/bin/../lib/gcc/arm-none-eabi/13.2.1/../../../../arm-none-eabi/lib/thumb/v7e-m+fp/hard\libc_nano.a(libc_a-sbrkr.o)
 .ARM.attributes
                0x0000070e       0x1c c:/Users/kpetr/AppData/Roaming/Code/User/globalStorage/bmd.stm32-for-vscode/@xpack-dev-tools/arm-none-eabi-gcc/13.2.1-1.1.1/.content/bin/../lib/gcc/arm-none-eabi/13.2.1/../../../../arm-none-eabi/lib/thumb/v7e-m+fp/hard\libc_nano.a(libc_a-memchr.o)
 .ARM.attributes
                0x0000072a       0x34 c:/Users/kpetr/AppData/Roaming/Code/User/globalStorage/bmd.stm32-for-vscode/@xpack-dev-tools/arm-none-eabi-gcc/13.2.1-1.1.1/.content/bin/../lib/gcc/arm-none-eabi/13.2.1/../../../../arm-none-eabi/lib/thumb/v7e-m+fp/hard\libc_nano.a(libc_a-memcpy-stub.o)
 .ARM.attributes
                0x0000075e       0x34 c:/Users/kpetr/AppData/Roaming/Code/User/globalStorage/bmd.stm32-for-vscode/@xpack-dev-tools/arm-none-eabi-gcc/13.2.1-1.1.1/.content/bin/../lib/gcc/arm-none-eabi/13.2.1/../../../../arm-none-eabi/lib/thumb/v7e-m+fp/hard\libc_nano.a(libc_a-reallocr.o)
 .ARM.attributes
                0x00000792       0x34 c:/Users/kpetr/AppData/Roaming/Code/User/globalStorage/bmd.stm32-for-vscode/@xpack-dev-tools/arm-none-eabi-gcc/13.2.1-1.1.1/.content/bin/../lib/gcc/arm-none-eabi/13.2.1/../../../../arm-none-eabi/lib/thumb/v7e-m+fp/hard\libc_nano.a(libc_a-msizer.o)
 .ARM.attributes
                0x000007c6       0x34 c:/Users/kpetr/AppData/Roaming/Code/User/globalStorage/bmd.stm32-for-vscode/@xpack-dev-tools/arm-none-eabi-gcc/13.2.1-1.1.1/.content/bin/../lib/gcc/arm-none-eabi/13.2.1/../../../../arm-none-eabi/lib/thumb/v7e-m+fp/hard\libnosys.a(sbrk.o)
 .ARM.attributes
                0x000007fa       0x22 c:/Users/kpetr/AppData/Roaming/Code/User/globalStorage/bmd.stm32-for-vscode/@xpack-dev-tools/arm-none-eabi-gcc/13.2.1-1.1.1/.content/bin/../lib/gcc/arm-none-eabi/13.2.1/thumb/v7e-m+fp/hard\libgcc.a(_arm_addsubdf3.o)
 .ARM.attributes
                0x0000081c       0x22 c:/Users/kpetr/AppData/Roaming/Code/User/globalStorage/bmd.stm32-for-vscode/@xpack-dev-tools/arm-none-eabi-gcc/13.2.1-1.1.1/.content/bin/../lib/gcc/arm-none-eabi/13.2.1/thumb/v7e-m+fp/hard\libgcc.a(_arm_muldivdf3.o)
 .ARM.attributes
                0x0000083e       0x22 c:/Users/kpetr/AppData/Roaming/Code/User/globalStorage/bmd.stm32-for-vscode/@xpack-dev-tools/arm-none-eabi-gcc/13.2.1-1.1.1/.content/bin/../lib/gcc/arm-none-eabi/13.2.1/thumb/v7e-m+fp/hard\libgcc.a(_arm_truncdfsf2.o)
 .ARM.attributes
                0x00000860       0x22 c:/Users/kpetr/AppData/Roaming/Code/User/globalStorage/bmd.stm32-for-vscode/@xpack-dev-tools/arm-none-eabi-gcc/13.2.1-1.1.1/.content/bin/../lib/gcc/arm-none-eabi/13.2.1/thumb/v7e-m+fp/hard\libgcc.a(_aeabi_uldivmod.o)
 .ARM.attributes
                0x00000882       0x34 c:/Users/kpetr/AppData/Roaming/Code/User/globalStorage/bmd.stm32-for-vscode/@xpack-dev-tools/arm-none-eabi-gcc/13.2.1-1.1.1/.content/bin/../lib/gcc/arm-none-eabi/13.2.1/thumb/v7e-m+fp/hard\libgcc.a(_udivmoddi4.o)
 .ARM.attributes
                0x000008b6       0x22 c:/Users/kpetr/AppData/Roaming/Code/User/globalStorage/bmd.stm32-for-vscode/@xpack-dev-tools/arm-none-eabi-gcc/13.2.1-1.1.1/.content/bin/../lib/gcc/arm-none-eabi/13.2.1/thumb/v7e-m+fp/hard\libgcc.a(_dvmd_tls.o)
 .ARM.attributes
                0x000008d8       0x22 c:/Users/kpetr/AppData/Roaming/Code/User/globalStorage/bmd.stm32-for-vscode/@xpack-dev-tools/arm-none-eabi-gcc/13.2.1-1.1.1/.content/bin/../lib/gcc/arm-none-eabi/13.2.1/thumb/v7e-m+fp/hard/crtn.o
OUTPUT(build/FINALAS.elf elf32-littlearm)
LOAD linker stubs
LOAD c:/Users/kpetr/AppData/Roaming/Code/User/globalStorage/bmd.stm32-for-vscode/@xpack-dev-tools/arm-none-eabi-gcc/13.2.1-1.1.1/.content/bin/../lib/gcc/arm-none-eabi/13.2.1/../../../../arm-none-eabi/lib/thumb/v7e-m+fp/hard\libc.a
LOAD c:/Users/kpetr/AppData/Roaming/Code/User/globalStorage/bmd.stm32-for-vscode/@xpack-dev-tools/arm-none-eabi-gcc/13.2.1-1.1.1/.content/bin/../lib/gcc/arm-none-eabi/13.2.1/../../../../arm-none-eabi/lib/thumb/v7e-m+fp/hard\libm.a
LOAD c:/Users/kpetr/AppData/Roaming/Code/User/globalStorage/bmd.stm32-for-vscode/@xpack-dev-tools/arm-none-eabi-gcc/13.2.1-1.1.1/.content/bin/../lib/gcc/arm-none-eabi/13.2.1/thumb/v7e-m+fp/hard\libgcc.a

.comment        0x00000000       0x39
 .comment       0x00000000       0x39 c:/Users/kpetr/AppData/Roaming/Code/User/globalStorage/bmd.stm32-for-vscode/@xpack-dev-tools/arm-none-eabi-gcc/13.2.1-1.1.1/.content/bin/../lib/gcc/arm-none-eabi/13.2.1/thumb/v7e-m+fp/hard/crtbegin.o
                                 0x3a (size before relaxing)
 .comment       0x00000039       0x3a build/fonts.o
 .comment       0x00000039       0x3a build/main.o
 .comment       0x00000039       0x3a build/ssd1306.o
 .comment       0x00000039       0x3a build/stm32l4xx_hal_msp.o
 .comment       0x00000039       0x3a build/stm32l4xx_it.o
 .comment       0x00000039       0x3a build/system_stm32l4xx.o
 .comment       0x00000039       0x3a build/stm32l4xx_hal.o
 .comment       0x00000039       0x3a build/stm32l4xx_hal_cortex.o
 .comment       0x00000039       0x3a build/stm32l4xx_hal_gpio.o
 .comment       0x00000039       0x3a build/stm32l4xx_hal_i2c.o
 .comment       0x00000039       0x3a build/stm32l4xx_hal_i2c_ex.o
 .comment       0x00000039       0x3a build/stm32l4xx_hal_pwr.o
 .comment       0x00000039       0x3a build/stm32l4xx_hal_pwr_ex.o
 .comment       0x00000039       0x3a build/stm32l4xx_hal_rcc.o
 .comment       0x00000039       0x3a build/stm32l4xx_hal_rcc_ex.o
 .comment       0x00000039       0x3a build/stm32l4xx_hal_tim.o
 .comment       0x00000039       0x3a build/stm32l4xx_hal_tim_ex.o
 .comment       0x00000039       0x3a build/stm32l4xx_hal_uart.o
 .comment       0x00000039       0x3a c:/Users/kpetr/AppData/Roaming/Code/User/globalStorage/bmd.stm32-for-vscode/@xpack-dev-tools/arm-none-eabi-gcc/13.2.1-1.1.1/.content/bin/../lib/gcc/arm-none-eabi/13.2.1/../../../../arm-none-eabi/lib/thumb/v7e-m+fp/hard\libc_nano.a(libc_a-findfp.o)
 .comment       0x00000039       0x3a c:/Users/kpetr/AppData/Roaming/Code/User/globalStorage/bmd.stm32-for-vscode/@xpack-dev-tools/arm-none-eabi-gcc/13.2.1-1.1.1/.content/bin/../lib/gcc/arm-none-eabi/13.2.1/../../../../arm-none-eabi/lib/thumb/v7e-m+fp/hard\libc_nano.a(libc_a-sprintf.o)
 .comment       0x00000039       0x3a c:/Users/kpetr/AppData/Roaming/Code/User/globalStorage/bmd.stm32-for-vscode/@xpack-dev-tools/arm-none-eabi-gcc/13.2.1-1.1.1/.content/bin/../lib/gcc/arm-none-eabi/13.2.1/../../../../arm-none-eabi/lib/thumb/v7e-m+fp/hard\libc_nano.a(libc_a-memset.o)
 .comment       0x00000039       0x3a c:/Users/kpetr/AppData/Roaming/Code/User/globalStorage/bmd.stm32-for-vscode/@xpack-dev-tools/arm-none-eabi-gcc/13.2.1-1.1.1/.content/bin/../lib/gcc/arm-none-eabi/13.2.1/../../../../arm-none-eabi/lib/thumb/v7e-m+fp/hard\libc_nano.a(libc_a-reent.o)
 .comment       0x00000039       0x3a c:/Users/kpetr/AppData/Roaming/Code/User/globalStorage/bmd.stm32-for-vscode/@xpack-dev-tools/arm-none-eabi-gcc/13.2.1-1.1.1/.content/bin/../lib/gcc/arm-none-eabi/13.2.1/../../../../arm-none-eabi/lib/thumb/v7e-m+fp/hard\libc_nano.a(libc_a-impure.o)
 .comment       0x00000039       0x3a c:/Users/kpetr/AppData/Roaming/Code/User/globalStorage/bmd.stm32-for-vscode/@xpack-dev-tools/arm-none-eabi-gcc/13.2.1-1.1.1/.content/bin/../lib/gcc/arm-none-eabi/13.2.1/../../../../arm-none-eabi/lib/thumb/v7e-m+fp/hard\libc_nano.a(libc_a-init.o)
 .comment       0x00000039       0x3a c:/Users/kpetr/AppData/Roaming/Code/User/globalStorage/bmd.stm32-for-vscode/@xpack-dev-tools/arm-none-eabi-gcc/13.2.1-1.1.1/.content/bin/../lib/gcc/arm-none-eabi/13.2.1/../../../../arm-none-eabi/lib/thumb/v7e-m+fp/hard\libc_nano.a(libc_a-lock.o)
 .comment       0x00000039       0x3a c:/Users/kpetr/AppData/Roaming/Code/User/globalStorage/bmd.stm32-for-vscode/@xpack-dev-tools/arm-none-eabi-gcc/13.2.1-1.1.1/.content/bin/../lib/gcc/arm-none-eabi/13.2.1/../../../../arm-none-eabi/lib/thumb/v7e-m+fp/hard\libc_nano.a(libc_a-freer.o)
 .comment       0x00000039       0x3a c:/Users/kpetr/AppData/Roaming/Code/User/globalStorage/bmd.stm32-for-vscode/@xpack-dev-tools/arm-none-eabi-gcc/13.2.1-1.1.1/.content/bin/../lib/gcc/arm-none-eabi/13.2.1/../../../../arm-none-eabi/lib/thumb/v7e-m+fp/hard\libc_nano.a(libc_a-mallocr.o)
 .comment       0x00000039       0x3a c:/Users/kpetr/AppData/Roaming/Code/User/globalStorage/bmd.stm32-for-vscode/@xpack-dev-tools/arm-none-eabi-gcc/13.2.1-1.1.1/.content/bin/../lib/gcc/arm-none-eabi/13.2.1/../../../../arm-none-eabi/lib/thumb/v7e-m+fp/hard\libc_nano.a(libc_a-mlock.o)
 .comment       0x00000039       0x3a c:/Users/kpetr/AppData/Roaming/Code/User/globalStorage/bmd.stm32-for-vscode/@xpack-dev-tools/arm-none-eabi-gcc/13.2.1-1.1.1/.content/bin/../lib/gcc/arm-none-eabi/13.2.1/../../../../arm-none-eabi/lib/thumb/v7e-m+fp/hard\libc_nano.a(libc_a-nano-svfprintf.o)
 .comment       0x00000039       0x3a c:/Users/kpetr/AppData/Roaming/Code/User/globalStorage/bmd.stm32-for-vscode/@xpack-dev-tools/arm-none-eabi-gcc/13.2.1-1.1.1/.content/bin/../lib/gcc/arm-none-eabi/13.2.1/../../../../arm-none-eabi/lib/thumb/v7e-m+fp/hard\libc_nano.a(libc_a-nano-vfprintf_i.o)
 .comment       0x00000039       0x3a c:/Users/kpetr/AppData/Roaming/Code/User/globalStorage/bmd.stm32-for-vscode/@xpack-dev-tools/arm-none-eabi-gcc/13.2.1-1.1.1/.content/bin/../lib/gcc/arm-none-eabi/13.2.1/../../../../arm-none-eabi/lib/thumb/v7e-m+fp/hard\libc_nano.a(libc_a-memmove.o)
 .comment       0x00000039       0x3a c:/Users/kpetr/AppData/Roaming/Code/User/globalStorage/bmd.stm32-for-vscode/@xpack-dev-tools/arm-none-eabi-gcc/13.2.1-1.1.1/.content/bin/../lib/gcc/arm-none-eabi/13.2.1/../../../../arm-none-eabi/lib/thumb/v7e-m+fp/hard\libc_nano.a(libc_a-sbrkr.o)
 .comment       0x00000039       0x3a c:/Users/kpetr/AppData/Roaming/Code/User/globalStorage/bmd.stm32-for-vscode/@xpack-dev-tools/arm-none-eabi-gcc/13.2.1-1.1.1/.content/bin/../lib/gcc/arm-none-eabi/13.2.1/../../../../arm-none-eabi/lib/thumb/v7e-m+fp/hard\libc_nano.a(libc_a-memcpy-stub.o)
 .comment       0x00000039       0x3a c:/Users/kpetr/AppData/Roaming/Code/User/globalStorage/bmd.stm32-for-vscode/@xpack-dev-tools/arm-none-eabi-gcc/13.2.1-1.1.1/.content/bin/../lib/gcc/arm-none-eabi/13.2.1/../../../../arm-none-eabi/lib/thumb/v7e-m+fp/hard\libc_nano.a(libc_a-reallocr.o)
 .comment       0x00000039       0x3a c:/Users/kpetr/AppData/Roaming/Code/User/globalStorage/bmd.stm32-for-vscode/@xpack-dev-tools/arm-none-eabi-gcc/13.2.1-1.1.1/.content/bin/../lib/gcc/arm-none-eabi/13.2.1/../../../../arm-none-eabi/lib/thumb/v7e-m+fp/hard\libc_nano.a(libc_a-msizer.o)
 .comment       0x00000039       0x3a c:/Users/kpetr/AppData/Roaming/Code/User/globalStorage/bmd.stm32-for-vscode/@xpack-dev-tools/arm-none-eabi-gcc/13.2.1-1.1.1/.content/bin/../lib/gcc/arm-none-eabi/13.2.1/../../../../arm-none-eabi/lib/thumb/v7e-m+fp/hard\libnosys.a(sbrk.o)
 .comment       0x00000039       0x3a c:/Users/kpetr/AppData/Roaming/Code/User/globalStorage/bmd.stm32-for-vscode/@xpack-dev-tools/arm-none-eabi-gcc/13.2.1-1.1.1/.content/bin/../lib/gcc/arm-none-eabi/13.2.1/thumb/v7e-m+fp/hard\libgcc.a(_udivmoddi4.o)

.debug_info     0x00000000    0x1b0d6
 .debug_info    0x00000000      0x270 build/fonts.o
 .debug_info    0x00000270     0x1ced build/main.o
 .debug_info    0x00001f5d     0x1aa6 build/ssd1306.o
 .debug_info    0x00003a03     0x184b build/stm32l4xx_hal_msp.o
 .debug_info    0x0000524e      0x7c1 build/stm32l4xx_it.o
 .debug_info    0x00005a0f      0x5d9 build/system_stm32l4xx.o
 .debug_info    0x00005fe8      0xa43 build/stm32l4xx_hal.o
 .debug_info    0x00006a2b      0xf39 build/stm32l4xx_hal_cortex.o
 .debug_info    0x00007964      0x789 build/stm32l4xx_hal_gpio.o
 .debug_info    0x000080ed     0x4031 build/stm32l4xx_hal_i2c.o
 .debug_info    0x0000c11e      0x9aa build/stm32l4xx_hal_i2c_ex.o
 .debug_info    0x0000cac8      0x981 build/stm32l4xx_hal_pwr.o
 .debug_info    0x0000d449      0x9c5 build/stm32l4xx_hal_pwr_ex.o
 .debug_info    0x0000de0e      0xe58 build/stm32l4xx_hal_rcc.o
 .debug_info    0x0000ec66     0x119d build/stm32l4xx_hal_rcc_ex.o
 .debug_info    0x0000fe03     0x3cd7 build/stm32l4xx_hal_tim.o
 .debug_info    0x00013ada     0x1cf0 build/stm32l4xx_hal_tim_ex.o
 .debug_info    0x000157ca     0x5010 build/stm32l4xx_hal_uart.o
 .debug_info    0x0001a7da       0x30 build/startup_stm32l432xx.o
 .debug_info    0x0001a80a       0xd3 c:/Users/kpetr/AppData/Roaming/Code/User/globalStorage/bmd.stm32-for-vscode/@xpack-dev-tools/arm-none-eabi-gcc/13.2.1-1.1.1/.content/bin/../lib/gcc/arm-none-eabi/13.2.1/thumb/v7e-m+fp/hard\libgcc.a(_arm_addsubdf3.o)
 .debug_info    0x0001a8dd       0x57 c:/Users/kpetr/AppData/Roaming/Code/User/globalStorage/bmd.stm32-for-vscode/@xpack-dev-tools/arm-none-eabi-gcc/13.2.1-1.1.1/.content/bin/../lib/gcc/arm-none-eabi/13.2.1/thumb/v7e-m+fp/hard\libgcc.a(_arm_muldivdf3.o)
 .debug_info    0x0001a934       0x3f c:/Users/kpetr/AppData/Roaming/Code/User/globalStorage/bmd.stm32-for-vscode/@xpack-dev-tools/arm-none-eabi-gcc/13.2.1-1.1.1/.content/bin/../lib/gcc/arm-none-eabi/13.2.1/thumb/v7e-m+fp/hard\libgcc.a(_arm_truncdfsf2.o)
 .debug_info    0x0001a973       0x24 c:/Users/kpetr/AppData/Roaming/Code/User/globalStorage/bmd.stm32-for-vscode/@xpack-dev-tools/arm-none-eabi-gcc/13.2.1-1.1.1/.content/bin/../lib/gcc/arm-none-eabi/13.2.1/thumb/v7e-m+fp/hard\libgcc.a(_aeabi_uldivmod.o)
 .debug_info    0x0001a997      0x703 c:/Users/kpetr/AppData/Roaming/Code/User/globalStorage/bmd.stm32-for-vscode/@xpack-dev-tools/arm-none-eabi-gcc/13.2.1-1.1.1/.content/bin/../lib/gcc/arm-none-eabi/13.2.1/thumb/v7e-m+fp/hard\libgcc.a(_udivmoddi4.o)
 .debug_info    0x0001b09a       0x3c c:/Users/kpetr/AppData/Roaming/Code/User/globalStorage/bmd.stm32-for-vscode/@xpack-dev-tools/arm-none-eabi-gcc/13.2.1-1.1.1/.content/bin/../lib/gcc/arm-none-eabi/13.2.1/thumb/v7e-m+fp/hard\libgcc.a(_dvmd_tls.o)

.debug_abbrev   0x00000000     0x2ce9
 .debug_abbrev  0x00000000      0x132 build/fonts.o
 .debug_abbrev  0x00000132      0x391 build/main.o
 .debug_abbrev  0x000004c3      0x32f build/ssd1306.o
 .debug_abbrev  0x000007f2      0x25c build/stm32l4xx_hal_msp.o
 .debug_abbrev  0x00000a4e      0x1dc build/stm32l4xx_it.o
 .debug_abbrev  0x00000c2a      0x11e build/system_stm32l4xx.o
 .debug_abbrev  0x00000d48      0x254 build/stm32l4xx_hal.o
 .debug_abbrev  0x00000f9c      0x39b build/stm32l4xx_hal_cortex.o
 .debug_abbrev  0x00001337      0x1f9 build/stm32l4xx_hal_gpio.o
 .debug_abbrev  0x00001530      0x294 build/stm32l4xx_hal_i2c.o
 .debug_abbrev  0x000017c4      0x1c7 build/stm32l4xx_hal_i2c_ex.o
 .debug_abbrev  0x0000198b      0x1d5 build/stm32l4xx_hal_pwr.o
 .debug_abbrev  0x00001b60      0x215 build/stm32l4xx_hal_pwr_ex.o
 .debug_abbrev  0x00001d75      0x2ab build/stm32l4xx_hal_rcc.o
 .debug_abbrev  0x00002020      0x2a8 build/stm32l4xx_hal_rcc_ex.o
 .debug_abbrev  0x000022c8      0x271 build/stm32l4xx_hal_tim.o
 .debug_abbrev  0x00002539      0x26f build/stm32l4xx_hal_tim_ex.o
 .debug_abbrev  0x000027a8      0x301 build/stm32l4xx_hal_uart.o
 .debug_abbrev  0x00002aa9       0x24 build/startup_stm32l432xx.o
 .debug_abbrev  0x00002acd       0x28 c:/Users/kpetr/AppData/Roaming/Code/User/globalStorage/bmd.stm32-for-vscode/@xpack-dev-tools/arm-none-eabi-gcc/13.2.1-1.1.1/.content/bin/../lib/gcc/arm-none-eabi/13.2.1/thumb/v7e-m+fp/hard\libgcc.a(_arm_addsubdf3.o)
 .debug_abbrev  0x00002af5       0x28 c:/Users/kpetr/AppData/Roaming/Code/User/globalStorage/bmd.stm32-for-vscode/@xpack-dev-tools/arm-none-eabi-gcc/13.2.1-1.1.1/.content/bin/../lib/gcc/arm-none-eabi/13.2.1/thumb/v7e-m+fp/hard\libgcc.a(_arm_muldivdf3.o)
 .debug_abbrev  0x00002b1d       0x28 c:/Users/kpetr/AppData/Roaming/Code/User/globalStorage/bmd.stm32-for-vscode/@xpack-dev-tools/arm-none-eabi-gcc/13.2.1-1.1.1/.content/bin/../lib/gcc/arm-none-eabi/13.2.1/thumb/v7e-m+fp/hard\libgcc.a(_arm_truncdfsf2.o)
 .debug_abbrev  0x00002b45       0x14 c:/Users/kpetr/AppData/Roaming/Code/User/globalStorage/bmd.stm32-for-vscode/@xpack-dev-tools/arm-none-eabi-gcc/13.2.1-1.1.1/.content/bin/../lib/gcc/arm-none-eabi/13.2.1/thumb/v7e-m+fp/hard\libgcc.a(_aeabi_uldivmod.o)
 .debug_abbrev  0x00002b59      0x16a c:/Users/kpetr/AppData/Roaming/Code/User/globalStorage/bmd.stm32-for-vscode/@xpack-dev-tools/arm-none-eabi-gcc/13.2.1-1.1.1/.content/bin/../lib/gcc/arm-none-eabi/13.2.1/thumb/v7e-m+fp/hard\libgcc.a(_udivmoddi4.o)
 .debug_abbrev  0x00002cc3       0x26 c:/Users/kpetr/AppData/Roaming/Code/User/globalStorage/bmd.stm32-for-vscode/@xpack-dev-tools/arm-none-eabi-gcc/13.2.1-1.1.1/.content/bin/../lib/gcc/arm-none-eabi/13.2.1/thumb/v7e-m+fp/hard\libgcc.a(_dvmd_tls.o)

.debug_loclists
                0x00000000     0xfa4d
 .debug_loclists
                0x00000000       0x51 build/fonts.o
 .debug_loclists
                0x00000051       0x63 build/main.o
 .debug_loclists
                0x000000b4      0xc95 build/ssd1306.o
 .debug_loclists
                0x00000d49      0x1fa build/stm32l4xx_hal_msp.o
 .debug_loclists
                0x00000f43       0xb5 build/system_stm32l4xx.o
 .debug_loclists
                0x00000ff8      0x139 build/stm32l4xx_hal.o
 .debug_loclists
                0x00001131      0x54d build/stm32l4xx_hal_cortex.o
 .debug_loclists
                0x0000167e      0x24b build/stm32l4xx_hal_gpio.o
 .debug_loclists
                0x000018c9     0x3697 build/stm32l4xx_hal_i2c.o
 .debug_loclists
                0x00004f60      0x129 build/stm32l4xx_hal_i2c_ex.o
 .debug_loclists
                0x00005089      0x147 build/stm32l4xx_hal_pwr.o
 .debug_loclists
                0x000051d0      0x4fa build/stm32l4xx_hal_pwr_ex.o
 .debug_loclists
                0x000056ca      0x583 build/stm32l4xx_hal_rcc.o
 .debug_loclists
                0x00005c4d     0x10e1 build/stm32l4xx_hal_rcc_ex.o
 .debug_loclists
                0x00006d2e     0x3b45 build/stm32l4xx_hal_tim.o
 .debug_loclists
                0x0000a873     0x1896 build/stm32l4xx_hal_tim_ex.o
 .debug_loclists
                0x0000c109     0x2f2f build/stm32l4xx_hal_uart.o
 .debug_loclists
                0x0000f038      0xa15 c:/Users/kpetr/AppData/Roaming/Code/User/globalStorage/bmd.stm32-for-vscode/@xpack-dev-tools/arm-none-eabi-gcc/13.2.1-1.1.1/.content/bin/../lib/gcc/arm-none-eabi/13.2.1/thumb/v7e-m+fp/hard\libgcc.a(_udivmoddi4.o)

.debug_aranges  0x00000000     0x1318
 .debug_aranges
                0x00000000       0x20 build/fonts.o
 .debug_aranges
                0x00000020       0x70 build/main.o
 .debug_aranges
                0x00000090       0xb8 build/ssd1306.o
 .debug_aranges
                0x00000148       0x60 build/stm32l4xx_hal_msp.o
 .debug_aranges
                0x000001a8       0x70 build/stm32l4xx_it.o
 .debug_aranges
                0x00000218       0x28 build/system_stm32l4xx.o
 .debug_aranges
                0x00000240      0x108 build/stm32l4xx_hal.o
 .debug_aranges
                0x00000348       0xe0 build/stm32l4xx_hal_cortex.o
 .debug_aranges
                0x00000428       0x58 build/stm32l4xx_hal_gpio.o
 .debug_aranges
                0x00000480      0x2a0 build/stm32l4xx_hal_i2c.o
 .debug_aranges
                0x00000720       0x48 build/stm32l4xx_hal_i2c_ex.o
 .debug_aranges
                0x00000768       0x98 build/stm32l4xx_hal_pwr.o
 .debug_aranges
                0x00000800      0x128 build/stm32l4xx_hal_pwr_ex.o
 .debug_aranges
                0x00000928       0x90 build/stm32l4xx_hal_rcc.o
 .debug_aranges
                0x000009b8       0xf0 build/stm32l4xx_hal_rcc_ex.o
 .debug_aranges
                0x00000aa8      0x3e0 build/stm32l4xx_hal_tim.o
 .debug_aranges
                0x00000e88      0x180 build/stm32l4xx_hal_tim_ex.o
 .debug_aranges
                0x00001008      0x228 build/stm32l4xx_hal_uart.o
 .debug_aranges
                0x00001230       0x28 build/startup_stm32l432xx.o
 .debug_aranges
                0x00001258       0x20 c:/Users/kpetr/AppData/Roaming/Code/User/globalStorage/bmd.stm32-for-vscode/@xpack-dev-tools/arm-none-eabi-gcc/13.2.1-1.1.1/.content/bin/../lib/gcc/arm-none-eabi/13.2.1/thumb/v7e-m+fp/hard\libgcc.a(_arm_addsubdf3.o)
 .debug_aranges
                0x00001278       0x20 c:/Users/kpetr/AppData/Roaming/Code/User/globalStorage/bmd.stm32-for-vscode/@xpack-dev-tools/arm-none-eabi-gcc/13.2.1-1.1.1/.content/bin/../lib/gcc/arm-none-eabi/13.2.1/thumb/v7e-m+fp/hard\libgcc.a(_arm_muldivdf3.o)
 .debug_aranges
                0x00001298       0x20 c:/Users/kpetr/AppData/Roaming/Code/User/globalStorage/bmd.stm32-for-vscode/@xpack-dev-tools/arm-none-eabi-gcc/13.2.1-1.1.1/.content/bin/../lib/gcc/arm-none-eabi/13.2.1/thumb/v7e-m+fp/hard\libgcc.a(_arm_truncdfsf2.o)
 .debug_aranges
                0x000012b8       0x20 c:/Users/kpetr/AppData/Roaming/Code/User/globalStorage/bmd.stm32-for-vscode/@xpack-dev-tools/arm-none-eabi-gcc/13.2.1-1.1.1/.content/bin/../lib/gcc/arm-none-eabi/13.2.1/thumb/v7e-m+fp/hard\libgcc.a(_aeabi_uldivmod.o)
 .debug_aranges
                0x000012d8       0x20 c:/Users/kpetr/AppData/Roaming/Code/User/globalStorage/bmd.stm32-for-vscode/@xpack-dev-tools/arm-none-eabi-gcc/13.2.1-1.1.1/.content/bin/../lib/gcc/arm-none-eabi/13.2.1/thumb/v7e-m+fp/hard\libgcc.a(_udivmoddi4.o)
 .debug_aranges
                0x000012f8       0x20 c:/Users/kpetr/AppData/Roaming/Code/User/globalStorage/bmd.stm32-for-vscode/@xpack-dev-tools/arm-none-eabi-gcc/13.2.1-1.1.1/.content/bin/../lib/gcc/arm-none-eabi/13.2.1/thumb/v7e-m+fp/hard\libgcc.a(_dvmd_tls.o)

.debug_rnglists
                0x00000000      0xec2
 .debug_rnglists
                0x00000000       0x13 build/fonts.o
 .debug_rnglists
                0x00000013       0x52 build/main.o
 .debug_rnglists
                0x00000065       0x8b build/ssd1306.o
 .debug_rnglists
                0x000000f0       0x45 build/stm32l4xx_hal_msp.o
 .debug_rnglists
                0x00000135       0x4f build/stm32l4xx_it.o
 .debug_rnglists
                0x00000184       0x1a build/system_stm32l4xx.o
 .debug_rnglists
                0x0000019e       0xc1 build/stm32l4xx_hal.o
 .debug_rnglists
                0x0000025f       0xa3 build/stm32l4xx_hal_cortex.o
 .debug_rnglists
                0x00000302       0x3f build/stm32l4xx_hal_gpio.o
 .debug_rnglists
                0x00000341      0x21b build/stm32l4xx_hal_i2c.o
 .debug_rnglists
                0x0000055c       0x31 build/stm32l4xx_hal_i2c_ex.o
 .debug_rnglists
                0x0000058d       0x6e build/stm32l4xx_hal_pwr.o
 .debug_rnglists
                0x000005fb       0xdb build/stm32l4xx_hal_pwr_ex.o
 .debug_rnglists
                0x000006d6       0x7c build/stm32l4xx_hal_rcc.o
 .debug_rnglists
                0x00000752       0xc7 build/stm32l4xx_hal_rcc_ex.o
 .debug_rnglists
                0x00000819      0x30d build/stm32l4xx_hal_tim.o
 .debug_rnglists
                0x00000b26      0x12e build/stm32l4xx_hal_tim_ex.o
 .debug_rnglists
                0x00000c54      0x1bc build/stm32l4xx_hal_uart.o
 .debug_rnglists
                0x00000e10       0x19 build/startup_stm32l432xx.o
 .debug_rnglists
                0x00000e29       0x99 c:/Users/kpetr/AppData/Roaming/Code/User/globalStorage/bmd.stm32-for-vscode/@xpack-dev-tools/arm-none-eabi-gcc/13.2.1-1.1.1/.content/bin/../lib/gcc/arm-none-eabi/13.2.1/thumb/v7e-m+fp/hard\libgcc.a(_udivmoddi4.o)

.debug_line     0x00000000    0x16fb9
 .debug_line    0x00000000      0x33d build/fonts.o
 .debug_line    0x0000033d      0xa03 build/main.o
 .debug_line    0x00000d40      0xc37 build/ssd1306.o
 .debug_line    0x00001977      0x5d3 build/stm32l4xx_hal_msp.o
 .debug_line    0x00001f4a      0x38e build/stm32l4xx_it.o
 .debug_line    0x000022d8      0x339 build/system_stm32l4xx.o
 .debug_line    0x00002611      0x698 build/stm32l4xx_hal.o
 .debug_line    0x00002ca9      0x88c build/stm32l4xx_hal_cortex.o
 .debug_line    0x00003535      0x714 build/stm32l4xx_hal_gpio.o
 .debug_line    0x00003c49     0x4a2c build/stm32l4xx_hal_i2c.o
 .debug_line    0x00008675      0x475 build/stm32l4xx_hal_i2c_ex.o
 .debug_line    0x00008aea      0x4bc build/stm32l4xx_hal_pwr.o
 .debug_line    0x00008fa6      0x95a build/stm32l4xx_hal_pwr_ex.o
 .debug_line    0x00009900     0x10d5 build/stm32l4xx_hal_rcc.o
 .debug_line    0x0000a9d5     0x136a build/stm32l4xx_hal_rcc_ex.o
 .debug_line    0x0000bd3f     0x4a91 build/stm32l4xx_hal_tim.o
 .debug_line    0x000107d0     0x1cea build/stm32l4xx_hal_tim_ex.o
 .debug_line    0x000124ba     0x40d5 build/stm32l4xx_hal_uart.o
 .debug_line    0x0001658f       0x76 build/startup_stm32l432xx.o
 .debug_line    0x00016605      0x16f c:/Users/kpetr/AppData/Roaming/Code/User/globalStorage/bmd.stm32-for-vscode/@xpack-dev-tools/arm-none-eabi-gcc/13.2.1-1.1.1/.content/bin/../lib/gcc/arm-none-eabi/13.2.1/thumb/v7e-m+fp/hard\libgcc.a(_arm_addsubdf3.o)
 .debug_line    0x00016774      0x184 c:/Users/kpetr/AppData/Roaming/Code/User/globalStorage/bmd.stm32-for-vscode/@xpack-dev-tools/arm-none-eabi-gcc/13.2.1-1.1.1/.content/bin/../lib/gcc/arm-none-eabi/13.2.1/thumb/v7e-m+fp/hard\libgcc.a(_arm_muldivdf3.o)
 .debug_line    0x000168f8       0x76 c:/Users/kpetr/AppData/Roaming/Code/User/globalStorage/bmd.stm32-for-vscode/@xpack-dev-tools/arm-none-eabi-gcc/13.2.1-1.1.1/.content/bin/../lib/gcc/arm-none-eabi/13.2.1/thumb/v7e-m+fp/hard\libgcc.a(_arm_truncdfsf2.o)
 .debug_line    0x0001696e       0x4e c:/Users/kpetr/AppData/Roaming/Code/User/globalStorage/bmd.stm32-for-vscode/@xpack-dev-tools/arm-none-eabi-gcc/13.2.1-1.1.1/.content/bin/../lib/gcc/arm-none-eabi/13.2.1/thumb/v7e-m+fp/hard\libgcc.a(_aeabi_uldivmod.o)
 .debug_line    0x000169bc      0x5b3 c:/Users/kpetr/AppData/Roaming/Code/User/globalStorage/bmd.stm32-for-vscode/@xpack-dev-tools/arm-none-eabi-gcc/13.2.1-1.1.1/.content/bin/../lib/gcc/arm-none-eabi/13.2.1/thumb/v7e-m+fp/hard\libgcc.a(_udivmoddi4.o)
 .debug_line    0x00016f6f       0x4a c:/Users/kpetr/AppData/Roaming/Code/User/globalStorage/bmd.stm32-for-vscode/@xpack-dev-tools/arm-none-eabi-gcc/13.2.1-1.1.1/.content/bin/../lib/gcc/arm-none-eabi/13.2.1/thumb/v7e-m+fp/hard\libgcc.a(_dvmd_tls.o)

.debug_str      0x00000000     0x610b
 .debug_str     0x00000000     0x610b build/fonts.o
                                0x274 (size before relaxing)
 .debug_str     0x0000610b     0x13b6 build/main.o
 .debug_str     0x0000610b      0x970 build/ssd1306.o
 .debug_str     0x0000610b     0x145d build/stm32l4xx_hal_msp.o
 .debug_str     0x0000610b      0x7de build/stm32l4xx_it.o
 .debug_str     0x0000610b      0x3eb build/system_stm32l4xx.o
 .debug_str     0x0000610b      0xb1e build/stm32l4xx_hal.o
 .debug_str     0x0000610b      0xb19 build/stm32l4xx_hal_cortex.o
 .debug_str     0x0000610b      0x54d build/stm32l4xx_hal_gpio.o
 .debug_str     0x0000610b      0xfeb build/stm32l4xx_hal_i2c.o
 .debug_str     0x0000610b      0x922 build/stm32l4xx_hal_i2c_ex.o
 .debug_str     0x0000610b      0x69f build/stm32l4xx_hal_pwr.o
 .debug_str     0x0000610b      0x7ae build/stm32l4xx_hal_pwr_ex.o
 .debug_str     0x0000610b      0x868 build/stm32l4xx_hal_rcc.o
 .debug_str     0x0000610b      0xb6e build/stm32l4xx_hal_rcc_ex.o
 .debug_str     0x0000610b     0x1718 build/stm32l4xx_hal_tim.o
 .debug_str     0x0000610b     0x103c build/stm32l4xx_hal_tim_ex.o
 .debug_str     0x0000610b      0xffe build/stm32l4xx_hal_uart.o
 .debug_str     0x0000610b       0x8d build/startup_stm32l432xx.o
 .debug_str     0x0000610b      0x1d1 c:/Users/kpetr/AppData/Roaming/Code/User/globalStorage/bmd.stm32-for-vscode/@xpack-dev-tools/arm-none-eabi-gcc/13.2.1-1.1.1/.content/bin/../lib/gcc/arm-none-eabi/13.2.1/thumb/v7e-m+fp/hard\libgcc.a(_arm_addsubdf3.o)
 .debug_str     0x0000610b      0x151 c:/Users/kpetr/AppData/Roaming/Code/User/globalStorage/bmd.stm32-for-vscode/@xpack-dev-tools/arm-none-eabi-gcc/13.2.1-1.1.1/.content/bin/../lib/gcc/arm-none-eabi/13.2.1/thumb/v7e-m+fp/hard\libgcc.a(_arm_muldivdf3.o)
 .debug_str     0x0000610b      0x13e c:/Users/kpetr/AppData/Roaming/Code/User/globalStorage/bmd.stm32-for-vscode/@xpack-dev-tools/arm-none-eabi-gcc/13.2.1-1.1.1/.content/bin/../lib/gcc/arm-none-eabi/13.2.1/thumb/v7e-m+fp/hard\libgcc.a(_arm_truncdfsf2.o)
 .debug_str     0x0000610b      0x120 c:/Users/kpetr/AppData/Roaming/Code/User/globalStorage/bmd.stm32-for-vscode/@xpack-dev-tools/arm-none-eabi-gcc/13.2.1-1.1.1/.content/bin/../lib/gcc/arm-none-eabi/13.2.1/thumb/v7e-m+fp/hard\libgcc.a(_aeabi_uldivmod.o)
 .debug_str     0x0000610b      0x739 c:/Users/kpetr/AppData/Roaming/Code/User/globalStorage/bmd.stm32-for-vscode/@xpack-dev-tools/arm-none-eabi-gcc/13.2.1-1.1.1/.content/bin/../lib/gcc/arm-none-eabi/13.2.1/thumb/v7e-m+fp/hard\libgcc.a(_udivmoddi4.o)
 .debug_str     0x0000610b      0x140 c:/Users/kpetr/AppData/Roaming/Code/User/globalStorage/bmd.stm32-for-vscode/@xpack-dev-tools/arm-none-eabi-gcc/13.2.1-1.1.1/.content/bin/../lib/gcc/arm-none-eabi/13.2.1/thumb/v7e-m+fp/hard\libgcc.a(_dvmd_tls.o)

.debug_frame    0x00000000     0x337c
 .debug_frame   0x00000000       0x2c build/fonts.o
 .debug_frame   0x0000002c      0x140 build/main.o
 .debug_frame   0x0000016c      0x28c build/ssd1306.o
 .debug_frame   0x000003f8      0x110 build/stm32l4xx_hal_msp.o
 .debug_frame   0x00000508       0xd8 build/stm32l4xx_it.o
 .debug_frame   0x000005e0       0x30 build/system_stm32l4xx.o
 .debug_frame   0x00000610      0x21c build/stm32l4xx_hal.o
 .debug_frame   0x0000082c      0x1e4 build/stm32l4xx_hal_cortex.o
 .debug_frame   0x00000a10       0xd0 build/stm32l4xx_hal_gpio.o
 .debug_frame   0x00000ae0      0x978 build/stm32l4xx_hal_i2c.o
 .debug_frame   0x00001458       0x80 build/stm32l4xx_hal_i2c_ex.o
 .debug_frame   0x000014d8      0x120 build/stm32l4xx_hal_pwr.o
 .debug_frame   0x000015f8      0x248 build/stm32l4xx_hal_pwr_ex.o
 .debug_frame   0x00001840      0x19c build/stm32l4xx_hal_rcc.o
 .debug_frame   0x000019dc      0x25c build/stm32l4xx_hal_rcc_ex.o
 .debug_frame   0x00001c38      0xb44 build/stm32l4xx_hal_tim.o
 .debug_frame   0x0000277c      0x480 build/stm32l4xx_hal_tim_ex.o
 .debug_frame   0x00002bfc      0x600 build/stm32l4xx_hal_uart.o
 .debug_frame   0x000031fc       0xac c:/Users/kpetr/AppData/Roaming/Code/User/globalStorage/bmd.stm32-for-vscode/@xpack-dev-tools/arm-none-eabi-gcc/13.2.1-1.1.1/.content/bin/../lib/gcc/arm-none-eabi/13.2.1/thumb/v7e-m+fp/hard\libgcc.a(_arm_addsubdf3.o)
 .debug_frame   0x000032a8       0x50 c:/Users/kpetr/AppData/Roaming/Code/User/globalStorage/bmd.stm32-for-vscode/@xpack-dev-tools/arm-none-eabi-gcc/13.2.1-1.1.1/.content/bin/../lib/gcc/arm-none-eabi/13.2.1/thumb/v7e-m+fp/hard\libgcc.a(_arm_muldivdf3.o)
 .debug_frame   0x000032f8       0x24 c:/Users/kpetr/AppData/Roaming/Code/User/globalStorage/bmd.stm32-for-vscode/@xpack-dev-tools/arm-none-eabi-gcc/13.2.1-1.1.1/.content/bin/../lib/gcc/arm-none-eabi/13.2.1/thumb/v7e-m+fp/hard\libgcc.a(_arm_truncdfsf2.o)
 .debug_frame   0x0000331c       0x2c c:/Users/kpetr/AppData/Roaming/Code/User/globalStorage/bmd.stm32-for-vscode/@xpack-dev-tools/arm-none-eabi-gcc/13.2.1-1.1.1/.content/bin/../lib/gcc/arm-none-eabi/13.2.1/thumb/v7e-m+fp/hard\libgcc.a(_aeabi_uldivmod.o)
 .debug_frame   0x00003348       0x34 c:/Users/kpetr/AppData/Roaming/Code/User/globalStorage/bmd.stm32-for-vscode/@xpack-dev-tools/arm-none-eabi-gcc/13.2.1-1.1.1/.content/bin/../lib/gcc/arm-none-eabi/13.2.1/thumb/v7e-m+fp/hard\libgcc.a(_udivmoddi4.o)

.debug_line_str
                0x00000000      0x19c
 .debug_line_str
                0x00000000      0x19c build/startup_stm32l432xx.o
                                 0x71 (size before relaxing)
 .debug_line_str
                0x0000019c      0x117 c:/Users/kpetr/AppData/Roaming/Code/User/globalStorage/bmd.stm32-for-vscode/@xpack-dev-tools/arm-none-eabi-gcc/13.2.1-1.1.1/.content/bin/../lib/gcc/arm-none-eabi/13.2.1/thumb/v7e-m+fp/hard\libgcc.a(_arm_addsubdf3.o)
 .debug_line_str
                0x0000019c      0x117 c:/Users/kpetr/AppData/Roaming/Code/User/globalStorage/bmd.stm32-for-vscode/@xpack-dev-tools/arm-none-eabi-gcc/13.2.1-1.1.1/.content/bin/../lib/gcc/arm-none-eabi/13.2.1/thumb/v7e-m+fp/hard\libgcc.a(_arm_muldivdf3.o)
 .debug_line_str
                0x0000019c      0x117 c:/Users/kpetr/AppData/Roaming/Code/User/globalStorage/bmd.stm32-for-vscode/@xpack-dev-tools/arm-none-eabi-gcc/13.2.1-1.1.1/.content/bin/../lib/gcc/arm-none-eabi/13.2.1/thumb/v7e-m+fp/hard\libgcc.a(_arm_truncdfsf2.o)
 .debug_line_str
                0x0000019c      0x112 c:/Users/kpetr/AppData/Roaming/Code/User/globalStorage/bmd.stm32-for-vscode/@xpack-dev-tools/arm-none-eabi-gcc/13.2.1-1.1.1/.content/bin/../lib/gcc/arm-none-eabi/13.2.1/thumb/v7e-m+fp/hard\libgcc.a(_aeabi_uldivmod.o)
 .debug_line_str
                0x0000019c      0x116 c:/Users/kpetr/AppData/Roaming/Code/User/globalStorage/bmd.stm32-for-vscode/@xpack-dev-tools/arm-none-eabi-gcc/13.2.1-1.1.1/.content/bin/../lib/gcc/arm-none-eabi/13.2.1/thumb/v7e-m+fp/hard\libgcc.a(_dvmd_tls.o)

Cross Reference Table

Symbol                                            File
ADC1_IRQHandler                                   build/startup_stm32l432xx.o
AHBPrescTable                                     build/system_stm32l4xx.o
                                                  build/stm32l4xx_hal_rcc.o
APBPrescTable                                     build/system_stm32l4xx.o
                                                  build/stm32l4xx_hal_rcc.o
BusFault_Handler                                  build/stm32l4xx_it.o
CAN1_RX0_IRQHandler                               build/startup_stm32l432xx.o
CAN1_RX1_IRQHandler                               build/startup_stm32l432xx.o
CAN1_SCE_IRQHandler                               build/startup_stm32l432xx.o
CAN1_TX_IRQHandler                                build/startup_stm32l432xx.o
COMP_IRQHandler                                   build/startup_stm32l432xx.o
CRS_IRQHandler                                    build/startup_stm32l432xx.o
DMA1_Channel1_IRQHandler                          build/startup_stm32l432xx.o
DMA1_Channel2_IRQHandler                          build/startup_stm32l432xx.o
DMA1_Channel3_IRQHandler                          build/startup_stm32l432xx.o
DMA1_Channel4_IRQHandler                          build/startup_stm32l432xx.o
DMA1_Channel5_IRQHandler                          build/startup_stm32l432xx.o
DMA1_Channel6_IRQHandler                          build/startup_stm32l432xx.o
DMA1_Channel7_IRQHandler                          build/startup_stm32l432xx.o
DMA2_Channel1_IRQHandler                          build/startup_stm32l432xx.o
DMA2_Channel2_IRQHandler                          build/startup_stm32l432xx.o
DMA2_Channel3_IRQHandler                          build/startup_stm32l432xx.o
DMA2_Channel4_IRQHandler                          build/startup_stm32l432xx.o
DMA2_Channel5_IRQHandler                          build/startup_stm32l432xx.o
DMA2_Channel6_IRQHandler                          build/startup_stm32l432xx.o
DMA2_Channel7_IRQHandler                          build/startup_stm32l432xx.o
DebugMon_Handler                                  build/stm32l4xx_it.o
Default_Handler                                   build/startup_stm32l432xx.o
EXTI0_IRQHandler                                  build/startup_stm32l432xx.o
EXTI15_10_IRQHandler                              build/startup_stm32l432xx.o
EXTI1_IRQHandler                                  build/startup_stm32l432xx.o
EXTI2_IRQHandler                                  build/startup_stm32l432xx.o
EXTI3_IRQHandler                                  build/startup_stm32l432xx.o
EXTI4_IRQHandler                                  build/startup_stm32l432xx.o
EXTI9_5_IRQHandler                                build/startup_stm32l432xx.o
Error_Handler                                     build/main.o
                                                  build/stm32l4xx_hal_msp.o
FLASH_FlushCaches                                 build/stm32l4xx_hal_flash_ex.o
                                                  build/stm32l4xx_hal_flash.o
FLASH_IRQHandler                                  build/startup_stm32l432xx.o
FLASH_PageErase                                   build/stm32l4xx_hal_flash_ex.o
                                                  build/stm32l4xx_hal_flash.o
FLASH_WaitForLastOperation                        build/stm32l4xx_hal_flash.o
                                                  build/stm32l4xx_hal_flash_ex.o
FONTS_GetStringSize                               build/fonts.o
FPU_IRQHandler                                    build/startup_stm32l432xx.o
Font11x18                                         build/fonts.o
Font16x26                                         build/fonts.o
Font7x10                                          build/fonts.o
Font_11x18                                        build/fonts.o
                                                  build/main.o
Font_16x26                                        build/fonts.o
Font_7x10                                         build/fonts.o
Get_RPM                                           build/main.o
                                                  build/stm32l4xx_it.o
HAL_DBGMCU_DisableDBGSleepMode                    build/stm32l4xx_hal.o
HAL_DBGMCU_DisableDBGStandbyMode                  build/stm32l4xx_hal.o
HAL_DBGMCU_DisableDBGStopMode                     build/stm32l4xx_hal.o
HAL_DBGMCU_EnableDBGSleepMode                     build/stm32l4xx_hal.o
HAL_DBGMCU_EnableDBGStandbyMode                   build/stm32l4xx_hal.o
HAL_DBGMCU_EnableDBGStopMode                      build/stm32l4xx_hal.o
HAL_DMA_Abort                                     build/stm32l4xx_hal_dma.o
                                                  build/stm32l4xx_hal_uart.o
HAL_DMA_Abort_IT                                  build/stm32l4xx_hal_dma.o
                                                  build/stm32l4xx_hal_uart.o
                                                  build/stm32l4xx_hal_tim_ex.o
                                                  build/stm32l4xx_hal_tim.o
                                                  build/stm32l4xx_hal_i2c.o
HAL_DMA_DeInit                                    build/stm32l4xx_hal_dma.o
HAL_DMA_GetError                                  build/stm32l4xx_hal_dma.o
                                                  build/stm32l4xx_hal_uart.o
HAL_DMA_GetState                                  build/stm32l4xx_hal_dma.o
                                                  build/stm32l4xx_hal_i2c.o
HAL_DMA_IRQHandler                                build/stm32l4xx_hal_dma.o
HAL_DMA_Init                                      build/stm32l4xx_hal_dma.o
HAL_DMA_PollForTransfer                           build/stm32l4xx_hal_dma.o
HAL_DMA_RegisterCallback                          build/stm32l4xx_hal_dma.o
HAL_DMA_Start                                     build/stm32l4xx_hal_dma.o
HAL_DMA_Start_IT                                  build/stm32l4xx_hal_dma.o
                                                  build/stm32l4xx_hal_uart.o
                                                  build/stm32l4xx_hal_tim_ex.o
                                                  build/stm32l4xx_hal_tim.o
                                                  build/stm32l4xx_hal_i2c.o
HAL_DMA_UnRegisterCallback                        build/stm32l4xx_hal_dma.o
HAL_DeInit                                        build/stm32l4xx_hal.o
HAL_Delay                                         build/stm32l4xx_hal.o
HAL_EXTI_ClearConfigLine                          build/stm32l4xx_hal_exti.o
HAL_EXTI_ClearPending                             build/stm32l4xx_hal_exti.o
HAL_EXTI_GenerateSWI                              build/stm32l4xx_hal_exti.o
HAL_EXTI_GetConfigLine                            build/stm32l4xx_hal_exti.o
HAL_EXTI_GetHandle                                build/stm32l4xx_hal_exti.o
HAL_EXTI_GetPending                               build/stm32l4xx_hal_exti.o
HAL_EXTI_IRQHandler                               build/stm32l4xx_hal_exti.o
HAL_EXTI_RegisterCallback                         build/stm32l4xx_hal_exti.o
HAL_EXTI_SetConfigLine                            build/stm32l4xx_hal_exti.o
HAL_FLASHEx_DisableRunPowerDown                   build/stm32l4xx_hal_flash_ramfunc.o
HAL_FLASHEx_EnableRunPowerDown                    build/stm32l4xx_hal_flash_ramfunc.o
HAL_FLASHEx_Erase                                 build/stm32l4xx_hal_flash_ex.o
HAL_FLASHEx_Erase_IT                              build/stm32l4xx_hal_flash_ex.o
HAL_FLASHEx_OBGetConfig                           build/stm32l4xx_hal_flash_ex.o
HAL_FLASHEx_OBProgram                             build/stm32l4xx_hal_flash_ex.o
HAL_FLASH_EndOfOperationCallback                  build/stm32l4xx_hal_flash.o